C:/DATA/GitHub/STM32H747I-DISCO-DFU-APPLICATION/h7_bootloader_bootloader/Middlewares/Third_Party/mbedTLS/library/arc4.c:51:6:mbedtls_arc4_init	8	static
C:/DATA/GitHub/STM32H747I-DISCO-DFU-APPLICATION/h7_bootloader_bootloader/Middlewares/Third_Party/mbedTLS/library/arc4.c:56:6:mbedtls_arc4_free	8	static
C:/DATA/GitHub/STM32H747I-DISCO-DFU-APPLICATION/h7_bootloader_bootloader/Middlewares/Third_Party/mbedTLS/library/arc4.c:67:6:mbedtls_arc4_setup	12	static
C:/DATA/GitHub/STM32H747I-DISCO-DFU-APPLICATION/h7_bootloader_bootloader/Middlewares/Third_Party/mbedTLS/library/arc4.c:97:5:mbedtls_arc4_crypt	24	static
C:/DATA/GitHub/STM32H747I-DISCO-DFU-APPLICATION/h7_bootloader_bootloader/Middlewares/Third_Party/mbedTLS/library/arc4.c:158:5:mbedtls_arc4_self_test	304	static
