C:/DATA/GitHub/STM32H747I-DISCO-DFU-APPLICATION/h7_bootloader_bootloader/Middlewares/Third_Party/mbedTLS/library/dhm.c:71:12:dhm_read_bignum	16	static
C:/DATA/GitHub/STM32H747I-DISCO-DFU-APPLICATION/h7_bootloader_bootloader/Middlewares/Third_Party/mbedTLS/library/dhm.c:106:12:dhm_check_range	40	static
C:/DATA/GitHub/STM32H747I-DISCO-DFU-APPLICATION/h7_bootloader_bootloader/Middlewares/Third_Party/mbedTLS/library/dhm.c:332:12:dhm_update_blinding	48	static
C:/DATA/GitHub/STM32H747I-DISCO-DFU-APPLICATION/h7_bootloader_bootloader/Middlewares/Third_Party/mbedTLS/library/dhm.c:127:6:mbedtls_dhm_init	8	static
C:/DATA/GitHub/STM32H747I-DISCO-DFU-APPLICATION/h7_bootloader_bootloader/Middlewares/Third_Party/mbedTLS/library/dhm.c:136:5:mbedtls_dhm_read_params	32	static
C:/DATA/GitHub/STM32H747I-DISCO-DFU-APPLICATION/h7_bootloader_bootloader/Middlewares/Third_Party/mbedTLS/library/dhm.c:161:5:mbedtls_dhm_make_params	56	static
C:/DATA/GitHub/STM32H747I-DISCO-DFU-APPLICATION/h7_bootloader_bootloader/Middlewares/Third_Party/mbedTLS/library/dhm.c:238:5:mbedtls_dhm_set_group	24	static
C:/DATA/GitHub/STM32H747I-DISCO-DFU-APPLICATION/h7_bootloader_bootloader/Middlewares/Third_Party/mbedTLS/library/dhm.c:260:5:mbedtls_dhm_read_public	8	static
C:/DATA/GitHub/STM32H747I-DISCO-DFU-APPLICATION/h7_bootloader_bootloader/Middlewares/Third_Party/mbedTLS/library/dhm.c:279:5:mbedtls_dhm_make_public	56	static
C:/DATA/GitHub/STM32H747I-DISCO-DFU-APPLICATION/h7_bootloader_bootloader/Middlewares/Third_Party/mbedTLS/library/dhm.c:394:5:mbedtls_dhm_calc_secret	56	static
C:/DATA/GitHub/STM32H747I-DISCO-DFU-APPLICATION/h7_bootloader_bootloader/Middlewares/Third_Party/mbedTLS/library/dhm.c:450:6:mbedtls_dhm_free	8	static
C:/DATA/GitHub/STM32H747I-DISCO-DFU-APPLICATION/h7_bootloader_bootloader/Middlewares/Third_Party/mbedTLS/library/dhm.c:473:5:mbedtls_dhm_parse_dhm	80	static
C:/DATA/GitHub/STM32H747I-DISCO-DFU-APPLICATION/h7_bootloader_bootloader/Middlewares/Third_Party/mbedTLS/library/dhm.c:680:5:mbedtls_dhm_self_test	144	static
