C:/DATA/STM32 Projects/h7_bootloader_bootloader/Middlewares/Third_Party/mbedTLS/library/ecp.c:1956:22:ecp_pick_window_size	0	static
C:/DATA/STM32 Projects/h7_bootloader_bootloader/Middlewares/Third_Party/mbedTLS/library/ecp.c:2601:12:ecp_check_pubkey_mx	8	static
C:/DATA/STM32 Projects/h7_bootloader_bootloader/Middlewares/Third_Party/mbedTLS/library/ecp.c:1002:12:ecp_modp	24	static
C:/DATA/STM32 Projects/h7_bootloader_bootloader/Middlewares/Third_Party/mbedTLS/library/ecp.c:2162:12:ecp_randomize_mxz	48	static
C:/DATA/STM32 Projects/h7_bootloader_bootloader/Middlewares/Third_Party/mbedTLS/library/ecp.c:1444:12:ecp_randomize_jac	56	static
C:/DATA/STM32 Projects/h7_bootloader_bootloader/Middlewares/Third_Party/mbedTLS/library/ecp.c:2215:12:ecp_double_add_mxz	144	static
C:/DATA/STM32 Projects/h7_bootloader_bootloader/Middlewares/Third_Party/mbedTLS/library/ecp.c:2137:12:ecp_normalize_mxz	16	static
C:/DATA/STM32 Projects/h7_bootloader_bootloader/Middlewares/Third_Party/mbedTLS/library/ecp.c:1086:12:ecp_normalize_jac	48	static
C:/DATA/STM32 Projects/h7_bootloader_bootloader/Middlewares/Third_Party/mbedTLS/library/ecp.c:1261:12:ecp_double_jac	80	static
C:/DATA/STM32 Projects/h7_bootloader_bootloader/Middlewares/Third_Party/mbedTLS/library/ecp.c:1137:12:ecp_normalize_jac_many	72	static
C:/DATA/STM32 Projects/h7_bootloader_bootloader/Middlewares/Third_Party/mbedTLS/library/ecp.c:1226:12:ecp_safe_invert_jac	32	static
C:/DATA/STM32 Projects/h7_bootloader_bootloader/Middlewares/Third_Party/mbedTLS/library/ecp.c:1751:12:ecp_select_comb	48	static
C:/DATA/STM32 Projects/h7_bootloader_bootloader/Middlewares/Third_Party/mbedTLS/library/ecp.c:1550:13:ecp_comb_recode_core	32	static
C:/DATA/STM32 Projects/h7_bootloader_bootloader/Middlewares/Third_Party/mbedTLS/library/ecp.c:1861:12:ecp_comb_recode_scalar	56	static
C:/DATA/STM32 Projects/h7_bootloader_bootloader/Middlewares/Third_Party/mbedTLS/library/ecp.c:2406:12:ecp_check_pubkey_sw	48	static
C:/DATA/STM32 Projects/h7_bootloader_bootloader/Middlewares/Third_Party/mbedTLS/library/ecp.c:434:31:mbedtls_ecp_curve_list	0	static
C:/DATA/STM32 Projects/h7_bootloader_bootloader/Middlewares/Third_Party/mbedTLS/library/ecp.c:442:29:mbedtls_ecp_grp_id_list	8	static
C:/DATA/STM32 Projects/h7_bootloader_bootloader/Middlewares/Third_Party/mbedTLS/library/ecp.c:468:31:mbedtls_ecp_curve_info_from_grp_id	8	static
C:/DATA/STM32 Projects/h7_bootloader_bootloader/Middlewares/Third_Party/mbedTLS/library/ecp.c:486:31:mbedtls_ecp_curve_info_from_tls_id	8	static
C:/DATA/STM32 Projects/h7_bootloader_bootloader/Middlewares/Third_Party/mbedTLS/library/ecp.c:504:31:mbedtls_ecp_curve_info_from_name	16	static
C:/DATA/STM32 Projects/h7_bootloader_bootloader/Middlewares/Third_Party/mbedTLS/library/ecp.c:539:6:mbedtls_ecp_point_init	8	static
C:/DATA/STM32 Projects/h7_bootloader_bootloader/Middlewares/Third_Party/mbedTLS/library/ecp.c:551:6:mbedtls_ecp_group_init	16	static
C:/DATA/STM32 Projects/h7_bootloader_bootloader/Middlewares/Third_Party/mbedTLS/library/ecp.c:575:6:mbedtls_ecp_keypair_init	8	static
C:/DATA/STM32 Projects/h7_bootloader_bootloader/Middlewares/Third_Party/mbedTLS/library/ecp.c:587:6:mbedtls_ecp_point_free	8	static
C:/DATA/STM32 Projects/h7_bootloader_bootloader/Middlewares/Third_Party/mbedTLS/library/ecp.c:600:6:mbedtls_ecp_group_free	16	static
C:/DATA/STM32 Projects/h7_bootloader_bootloader/Middlewares/Third_Party/mbedTLS/library/ecp.c:629:6:mbedtls_ecp_keypair_free	8	static
C:/DATA/STM32 Projects/h7_bootloader_bootloader/Middlewares/Third_Party/mbedTLS/library/ecp.c:642:5:mbedtls_ecp_copy	16	static
C:/DATA/STM32 Projects/h7_bootloader_bootloader/Middlewares/Third_Party/mbedTLS/library/ecp.c:2263:12:ecp_mul_mxz	88	static
C:/DATA/STM32 Projects/h7_bootloader_bootloader/Middlewares/Third_Party/mbedTLS/library/ecp.c:659:5:mbedtls_ecp_group_copy	8	static
C:/DATA/STM32 Projects/h7_bootloader_bootloader/Middlewares/Third_Party/mbedTLS/library/ecp.c:670:5:mbedtls_ecp_set_zero	8	static
C:/DATA/STM32 Projects/h7_bootloader_bootloader/Middlewares/Third_Party/mbedTLS/library/ecp.c:1357:12:ecp_add_mixed	120	static
C:/DATA/STM32 Projects/h7_bootloader_bootloader/Middlewares/Third_Party/mbedTLS/library/ecp.c:1614:12:ecp_precompute_comb	168	static
C:/DATA/STM32 Projects/h7_bootloader_bootloader/Middlewares/Third_Party/mbedTLS/library/ecp.c:1781:12:ecp_mul_comb_core	80	static
C:/DATA/STM32 Projects/h7_bootloader_bootloader/Middlewares/Third_Party/mbedTLS/library/ecp.c:1903:12:ecp_mul_comb_after_precomp	312	static
C:/DATA/STM32 Projects/h7_bootloader_bootloader/Middlewares/Third_Party/mbedTLS/library/ecp.c:2001:12:ecp_mul_comb	80	static
C:/DATA/STM32 Projects/h7_bootloader_bootloader/Middlewares/Third_Party/mbedTLS/library/ecp.c:686:5:mbedtls_ecp_is_zero	8	static
C:/DATA/STM32 Projects/h7_bootloader_bootloader/Middlewares/Third_Party/mbedTLS/library/ecp.c:696:5:mbedtls_ecp_point_cmp	16	static
C:/DATA/STM32 Projects/h7_bootloader_bootloader/Middlewares/Third_Party/mbedTLS/library/ecp.c:715:5:mbedtls_ecp_point_read_string	16	static
C:/DATA/STM32 Projects/h7_bootloader_bootloader/Middlewares/Third_Party/mbedTLS/library/ecp.c:734:5:mbedtls_ecp_point_write_binary	24	static
C:/DATA/STM32 Projects/h7_bootloader_bootloader/Middlewares/Third_Party/mbedTLS/library/ecp.c:793:5:mbedtls_ecp_point_read_binary	24	static
C:/DATA/STM32 Projects/h7_bootloader_bootloader/Middlewares/Third_Party/mbedTLS/library/ecp.c:836:5:mbedtls_ecp_tls_read_point	8	static
C:/DATA/STM32 Projects/h7_bootloader_bootloader/Middlewares/Third_Party/mbedTLS/library/ecp.c:872:5:mbedtls_ecp_tls_write_point	24	static
C:/DATA/STM32 Projects/h7_bootloader_bootloader/Middlewares/Third_Party/mbedTLS/library/ecp.c:925:5:mbedtls_ecp_tls_read_group_id	8	static
C:/DATA/STM32 Projects/h7_bootloader_bootloader/Middlewares/Third_Party/mbedTLS/library/ecp.c:906:5:mbedtls_ecp_tls_read_group	16	static
C:/DATA/STM32 Projects/h7_bootloader_bootloader/Middlewares/Third_Party/mbedTLS/library/ecp.c:964:5:mbedtls_ecp_tls_write_group	16	static
C:/DATA/STM32 Projects/h7_bootloader_bootloader/Middlewares/Third_Party/mbedTLS/library/ecp.c:2616:5:mbedtls_ecp_check_pubkey	16	static
C:/DATA/STM32 Projects/h7_bootloader_bootloader/Middlewares/Third_Party/mbedTLS/library/ecp.c:2640:5:mbedtls_ecp_check_privkey	16	static
C:/DATA/STM32 Projects/h7_bootloader_bootloader/Middlewares/Third_Party/mbedTLS/library/ecp.c:2324:5:mbedtls_ecp_mul_restartable	40	static
C:/DATA/STM32 Projects/h7_bootloader_bootloader/Middlewares/Third_Party/mbedTLS/library/ecp.c:2390:5:mbedtls_ecp_mul	24	static
C:/DATA/STM32 Projects/h7_bootloader_bootloader/Middlewares/Third_Party/mbedTLS/library/ecp.c:2455:12:mbedtls_ecp_mul_shortcuts	40	static
C:/DATA/STM32 Projects/h7_bootloader_bootloader/Middlewares/Third_Party/mbedTLS/library/ecp.c:2487:5:mbedtls_ecp_muladd_restartable	72	static
C:/DATA/STM32 Projects/h7_bootloader_bootloader/Middlewares/Third_Party/mbedTLS/library/ecp.c:2584:5:mbedtls_ecp_muladd	24	static
C:/DATA/STM32 Projects/h7_bootloader_bootloader/Middlewares/Third_Party/mbedTLS/library/ecp.c:2680:5:mbedtls_ecp_gen_privkey	40	static
C:/DATA/STM32 Projects/h7_bootloader_bootloader/Middlewares/Third_Party/mbedTLS/library/ecp.c:2764:5:mbedtls_ecp_gen_keypair_base	40	static
C:/DATA/STM32 Projects/h7_bootloader_bootloader/Middlewares/Third_Party/mbedTLS/library/ecp.c:2787:5:mbedtls_ecp_gen_keypair	16	static
C:/DATA/STM32 Projects/h7_bootloader_bootloader/Middlewares/Third_Party/mbedTLS/library/ecp.c:2803:5:mbedtls_ecp_gen_key	24	static
C:/DATA/STM32 Projects/h7_bootloader_bootloader/Middlewares/Third_Party/mbedTLS/library/ecp.c:2819:5:mbedtls_ecp_check_pub_priv	192	static
C:/DATA/STM32 Projects/h7_bootloader_bootloader/Middlewares/Third_Party/mbedTLS/library/ecp.c:2865:5:mbedtls_ecp_self_test	272	static
