C:/DATA/GitHub/STM32H747I-DISCO-DFU-APPLICATION/h7_bootloader_bootloader/Middlewares/Third_Party/mbedTLS/library/pem.c:59:12:pem_get_iv	16	static
C:/DATA/GitHub/STM32H747I-DISCO-DFU-APPLICATION/h7_bootloader_bootloader/Middlewares/Third_Party/mbedTLS/library/pem.c:81:12:pem_pbkdf1	128	static
C:/DATA/GitHub/STM32H747I-DISCO-DFU-APPLICATION/h7_bootloader_bootloader/Middlewares/Third_Party/mbedTLS/library/pem.c:171:12:pem_des3_decrypt	440	static
C:/DATA/GitHub/STM32H747I-DISCO-DFU-APPLICATION/h7_bootloader_bootloader/Middlewares/Third_Party/mbedTLS/library/pem.c:143:12:pem_des_decrypt	168	static
C:/DATA/GitHub/STM32H747I-DISCO-DFU-APPLICATION/h7_bootloader_bootloader/Middlewares/Third_Party/mbedTLS/library/pem.c:201:12:pem_aes_decrypt	344	static
C:/DATA/GitHub/STM32H747I-DISCO-DFU-APPLICATION/h7_bootloader_bootloader/Middlewares/Third_Party/mbedTLS/library/pem.c:49:6:mbedtls_pem_init	0	static
C:/DATA/GitHub/STM32H747I-DISCO-DFU-APPLICATION/h7_bootloader_bootloader/Middlewares/Third_Party/mbedTLS/library/pem.c:230:5:mbedtls_pem_read_buffer	64	static
C:/DATA/GitHub/STM32H747I-DISCO-DFU-APPLICATION/h7_bootloader_bootloader/Middlewares/Third_Party/mbedTLS/library/pem.c:424:6:mbedtls_pem_free	8	static
C:/DATA/GitHub/STM32H747I-DISCO-DFU-APPLICATION/h7_bootloader_bootloader/Middlewares/Third_Party/mbedTLS/library/pem.c:438:5:mbedtls_pem_write_buffer	56	static
