C:/DATA/STM32 Projects/h7_bootloader_bootloader/Middlewares/Third_Party/mbedTLS/library/poly1305.c:106:13:poly1305_process	104	static
C:/DATA/STM32 Projects/h7_bootloader_bootloader/Middlewares/Third_Party/mbedTLS/library/poly1305.c:214:13:poly1305_compute_mac	36	static
C:/DATA/STM32 Projects/h7_bootloader_bootloader/Middlewares/Third_Party/mbedTLS/library/poly1305.c:283:6:mbedtls_poly1305_init	8	static
C:/DATA/STM32 Projects/h7_bootloader_bootloader/Middlewares/Third_Party/mbedTLS/library/poly1305.c:290:6:mbedtls_poly1305_free	8	static
C:/DATA/STM32 Projects/h7_bootloader_bootloader/Middlewares/Third_Party/mbedTLS/library/poly1305.c:298:5:mbedtls_poly1305_starts	16	static
C:/DATA/STM32 Projects/h7_bootloader_bootloader/Middlewares/Third_Party/mbedTLS/library/poly1305.c:329:5:mbedtls_poly1305_update	32	static
C:/DATA/STM32 Projects/h7_bootloader_bootloader/Middlewares/Third_Party/mbedTLS/library/poly1305.c:393:5:mbedtls_poly1305_finish	16	static
C:/DATA/STM32 Projects/h7_bootloader_bootloader/Middlewares/Third_Party/mbedTLS/library/poly1305.c:420:5:mbedtls_poly1305_mac	96	static
C:/DATA/STM32 Projects/h7_bootloader_bootloader/Middlewares/Third_Party/mbedTLS/library/poly1305.c:528:5:mbedtls_poly1305_self_test	32	static
