C:/DATA/STM32 Projects/h7_bootloader_bootloader/Middlewares/Third_Party/mbedTLS/library/ripemd160.c:75:6:mbedtls_ripemd160_init	8	static
C:/DATA/STM32 Projects/h7_bootloader_bootloader/Middlewares/Third_Party/mbedTLS/library/ripemd160.c:80:6:mbedtls_ripemd160_free	8	static
C:/DATA/STM32 Projects/h7_bootloader_bootloader/Middlewares/Third_Party/mbedTLS/library/ripemd160.c:88:6:mbedtls_ripemd160_clone	8	static
C:/DATA/STM32 Projects/h7_bootloader_bootloader/Middlewares/Third_Party/mbedTLS/library/ripemd160.c:97:5:mbedtls_ripemd160_starts_ret	0	static
C:/DATA/STM32 Projects/h7_bootloader_bootloader/Middlewares/Third_Party/mbedTLS/library/ripemd160.c:112:6:mbedtls_ripemd160_starts	8	static
C:/DATA/STM32 Projects/h7_bootloader_bootloader/Middlewares/Third_Party/mbedTLS/library/ripemd160.c:122:5:mbedtls_internal_ripemd160_process	176	static
C:/DATA/STM32 Projects/h7_bootloader_bootloader/Middlewares/Third_Party/mbedTLS/library/ripemd160.c:310:6:mbedtls_ripemd160_process	8	static
C:/DATA/STM32 Projects/h7_bootloader_bootloader/Middlewares/Third_Party/mbedTLS/library/ripemd160.c:321:5:mbedtls_ripemd160_update_ret	32	static
C:/DATA/STM32 Projects/h7_bootloader_bootloader/Middlewares/Third_Party/mbedTLS/library/ripemd160.c:371:6:mbedtls_ripemd160_update	8	static
C:/DATA/STM32 Projects/h7_bootloader_bootloader/Middlewares/Third_Party/mbedTLS/library/ripemd160.c:390:5:mbedtls_ripemd160_finish_ret	24	static
C:/DATA/STM32 Projects/h7_bootloader_bootloader/Middlewares/Third_Party/mbedTLS/library/ripemd160.c:426:6:mbedtls_ripemd160_finish	8	static
C:/DATA/STM32 Projects/h7_bootloader_bootloader/Middlewares/Third_Party/mbedTLS/library/ripemd160.c:438:5:mbedtls_ripemd160_ret	120	static
C:/DATA/STM32 Projects/h7_bootloader_bootloader/Middlewares/Third_Party/mbedTLS/library/ripemd160.c:463:6:mbedtls_ripemd160	8	static
C:/DATA/STM32 Projects/h7_bootloader_bootloader/Middlewares/Third_Party/mbedTLS/library/ripemd160.c:518:5:mbedtls_ripemd160_self_test	40	static
