C:/DATA/STM32 Projects/h7_bootloader_bootloader/Middlewares/Third_Party/mbedTLS/library/sha512.c:95:6:mbedtls_sha512_init	8	static
C:/DATA/STM32 Projects/h7_bootloader_bootloader/Middlewares/Third_Party/mbedTLS/library/sha512.c:102:6:mbedtls_sha512_free	8	static
C:/DATA/STM32 Projects/h7_bootloader_bootloader/Middlewares/Third_Party/mbedTLS/library/sha512.c:110:6:mbedtls_sha512_clone	8	static
C:/DATA/STM32 Projects/h7_bootloader_bootloader/Middlewares/Third_Party/mbedTLS/library/sha512.c:122:5:mbedtls_sha512_starts_ret	0	static
C:/DATA/STM32 Projects/h7_bootloader_bootloader/Middlewares/Third_Party/mbedTLS/library/sha512.c:161:6:mbedtls_sha512_starts	8	static
C:/DATA/STM32 Projects/h7_bootloader_bootloader/Middlewares/Third_Party/mbedTLS/library/sha512.c:217:5:mbedtls_internal_sha512_process	808	static
C:/DATA/STM32 Projects/h7_bootloader_bootloader/Middlewares/Third_Party/mbedTLS/library/sha512.c:294:6:mbedtls_sha512_process	8	static
C:/DATA/STM32 Projects/h7_bootloader_bootloader/Middlewares/Third_Party/mbedTLS/library/sha512.c:305:5:mbedtls_sha512_update_ret	32	static
C:/DATA/STM32 Projects/h7_bootloader_bootloader/Middlewares/Third_Party/mbedTLS/library/sha512.c:355:6:mbedtls_sha512_update	8	static
C:/DATA/STM32 Projects/h7_bootloader_bootloader/Middlewares/Third_Party/mbedTLS/library/sha512.c:366:5:mbedtls_sha512_finish_ret	16	static
C:/DATA/STM32 Projects/h7_bootloader_bootloader/Middlewares/Third_Party/mbedTLS/library/sha512.c:432:6:mbedtls_sha512_finish	8	static
C:/DATA/STM32 Projects/h7_bootloader_bootloader/Middlewares/Third_Party/mbedTLS/library/sha512.c:444:5:mbedtls_sha512_ret	240	static
C:/DATA/STM32 Projects/h7_bootloader_bootloader/Middlewares/Third_Party/mbedTLS/library/sha512.c:474:6:mbedtls_sha512	8	static
C:/DATA/STM32 Projects/h7_bootloader_bootloader/Middlewares/Third_Party/mbedTLS/library/sha512.c:557:5:mbedtls_sha512_self_test	312	static
