C:/DATA/STM32 Projects/h7_bootloader_bootloader/Middlewares/Third_Party/mbedTLS/library/x509_crl.c:180:12:x509_get_crl_entry_ext	32	static
C:/DATA/STM32 Projects/h7_bootloader_bootloader/Middlewares/Third_Party/mbedTLS/library/x509_crl.c:73:12:x509_crl_get_version	8	static
C:/DATA/STM32 Projects/h7_bootloader_bootloader/Middlewares/Third_Party/mbedTLS/library/x509_crl.c:234:12:x509_get_entries	32	static
C:/DATA/STM32 Projects/h7_bootloader_bootloader/Middlewares/Third_Party/mbedTLS/library/x509_crl.c:100:12:x509_get_crl_ext	32	static
C:/DATA/STM32 Projects/h7_bootloader_bootloader/Middlewares/Third_Party/mbedTLS/library/x509_crl.c:630:5:mbedtls_x509_crl_info	56	static
C:/DATA/STM32 Projects/h7_bootloader_bootloader/Middlewares/Third_Party/mbedTLS/library/x509_crl.c:705:6:mbedtls_x509_crl_init	8	static
C:/DATA/STM32 Projects/h7_bootloader_bootloader/Middlewares/Third_Party/mbedTLS/library/x509_crl.c:713:6:mbedtls_x509_crl_free	24	static
C:/DATA/STM32 Projects/h7_bootloader_bootloader/Middlewares/Third_Party/mbedTLS/library/x509_crl.c:300:5:mbedtls_x509_crl_parse_der	80	static
C:/DATA/STM32 Projects/h7_bootloader_bootloader/Middlewares/Third_Party/mbedTLS/library/x509_crl.c:539:5:mbedtls_x509_crl_parse	56	static
