../Core/Src/stm32h7xx_hal_msp.c:65:6:HAL_MspInit	16	static
../Core/Src/stm32h7xx_hal_msp.c:87:6:HAL_ADC_MspInit	56	static
../Core/Src/stm32h7xx_hal_msp.c:148:6:HAL_ADC_MspDeInit	16	static
../Core/Src/stm32h7xx_hal_msp.c:190:6:HAL_ETH_MspInit	64	static
../Core/Src/stm32h7xx_hal_msp.c:252:6:HAL_ETH_MspDeInit	16	static
../Core/Src/stm32h7xx_hal_msp.c:294:6:HAL_CEC_MspInit	248	static
../Core/Src/stm32h7xx_hal_msp.c:344:6:HAL_CEC_MspDeInit	16	static
../Core/Src/stm32h7xx_hal_msp.c:374:6:HAL_QSPI_MspInit	264	static
../Core/Src/stm32h7xx_hal_msp.c:476:6:HAL_QSPI_MspDeInit	16	static
../Core/Src/stm32h7xx_hal_msp.c:521:6:HAL_RTC_MspInit	216	static
../Core/Src/stm32h7xx_hal_msp.c:555:6:HAL_RTC_MspDeInit	16	static
../Core/Src/stm32h7xx_hal_msp.c:577:6:HAL_SD_MspInit	256	static
../Core/Src/stm32h7xx_hal_msp.c:638:6:HAL_SD_MspDeInit	16	static
../Core/Src/stm32h7xx_hal_msp.c:674:6:HAL_SPDIFRX_MspInit	248	static
../Core/Src/stm32h7xx_hal_msp.c:721:6:HAL_SPDIFRX_MspDeInit	16	static
../Core/Src/stm32h7xx_hal_msp.c:749:6:HAL_SPI_MspInit	264	static
../Core/Src/stm32h7xx_hal_msp.c:849:6:HAL_SPI_MspDeInit	16	static
../Core/Src/stm32h7xx_hal_msp.c:903:6:HAL_TIM_OC_MspInit	24	static
../Core/Src/stm32h7xx_hal_msp.c:926:6:HAL_TIM_Base_MspInit	48	static
../Core/Src/stm32h7xx_hal_msp.c:956:6:HAL_TIM_MspPostInit	40	static
../Core/Src/stm32h7xx_hal_msp.c:989:6:HAL_TIM_OC_MspDeInit	16	static
../Core/Src/stm32h7xx_hal_msp.c:1011:6:HAL_TIM_Base_MspDeInit	16	static
../Core/Src/stm32h7xx_hal_msp.c:1039:6:HAL_UART_MspInit	256	static
../Core/Src/stm32h7xx_hal_msp.c:1107:6:HAL_UART_MspDeInit	16	static
../Core/Src/stm32h7xx_hal_msp.c:1143:13:HAL_FMC_MspInit	240	static
../Core/Src/stm32h7xx_hal_msp.c:1281:6:HAL_SDRAM_MspInit	16	static
../Core/Src/stm32h7xx_hal_msp.c:1293:13:HAL_FMC_MspDeInit	8	static
../Core/Src/stm32h7xx_hal_msp.c:1389:6:HAL_SDRAM_MspDeInit	16	static
../Core/Src/stm32h7xx_hal_msp.c:1401:6:HAL_SAI_MspInit	248	static
../Core/Src/stm32h7xx_hal_msp.c:1479:6:HAL_SAI_MspDeInit	16	static
