../../Drivers/CMSIS/Include/core_cm7.h:2156:34:__NVIC_SystemReset	0	static,ignoring_inline_asm
C:/DATA/GitHub/STM32H747I-DISCO-DFU-APPLICATION/h7_bootloader_bootloader/Middlewares/ST/STM32_USB_Device_Library/Class/DFU/Src/usbd_dfu.c:495:17:USBD_DFU_GetCfgDesc	0	static
C:/DATA/GitHub/STM32H747I-DISCO-DFU-APPLICATION/h7_bootloader_bootloader/Middlewares/ST/STM32_USB_Device_Library/Class/DFU/Src/usbd_dfu.c:509:16:USBD_DFU_EP0_RxReady	0	static
C:/DATA/GitHub/STM32H747I-DISCO-DFU-APPLICATION/h7_bootloader_bootloader/Middlewares/ST/STM32_USB_Device_Library/Class/DFU/Src/usbd_dfu.c:770:16:USBD_DFU_SOF	0	static
C:/DATA/GitHub/STM32H747I-DISCO-DFU-APPLICATION/h7_bootloader_bootloader/Middlewares/ST/STM32_USB_Device_Library/Class/DFU/Src/usbd_dfu.c:784:17:USBD_DFU_GetDeviceQualifierDesc	0	static
C:/DATA/GitHub/STM32H747I-DISCO-DFU-APPLICATION/h7_bootloader_bootloader/Middlewares/ST/STM32_USB_Device_Library/Class/DFU/Src/usbd_dfu.c:1217:13:DFU_ClearStatus	0	static
C:/DATA/GitHub/STM32H747I-DISCO-DFU-APPLICATION/h7_bootloader_bootloader/Middlewares/ST/STM32_USB_Device_Library/Class/DFU/Src/usbd_dfu.c:1274:13:DFU_Abort	0	static
C:/DATA/GitHub/STM32H747I-DISCO-DFU-APPLICATION/h7_bootloader_bootloader/Middlewares/ST/STM32_USB_Device_Library/Class/DFU/Src/usbd_dfu.c:801:17:USBD_DFU_GetUsrStringDesc	8	static
C:/DATA/GitHub/STM32H747I-DISCO-DFU-APPLICATION/h7_bootloader_bootloader/Middlewares/ST/STM32_USB_Device_Library/Class/DFU/Src/usbd_dfu.c:1362:14:USBD_DFU_GetDfuFuncDesc	16	static
C:/DATA/GitHub/STM32H747I-DISCO-DFU-APPLICATION/h7_bootloader_bootloader/Middlewares/ST/STM32_USB_Device_Library/Class/DFU/Src/usbd_dfu.c:1308:13:DFU_Leave	16	static
C:/DATA/GitHub/STM32H747I-DISCO-DFU-APPLICATION/h7_bootloader_bootloader/Middlewares/ST/STM32_USB_Device_Library/Class/DFU/Src/usbd_dfu.c:522:17:USBD_DFU_EP0_TxReady	16	static
C:/DATA/GitHub/STM32H747I-DISCO-DFU-APPLICATION/h7_bootloader_bootloader/Middlewares/ST/STM32_USB_Device_Library/Class/DFU/Src/usbd_dfu.c:979:13:DFU_Upload	24	static
C:/DATA/GitHub/STM32H747I-DISCO-DFU-APPLICATION/h7_bootloader_bootloader/Middlewares/ST/STM32_USB_Device_Library/Class/DFU/Src/usbd_dfu.c:1135:13:DFU_GetStatus	16	static
C:/DATA/GitHub/STM32H747I-DISCO-DFU-APPLICATION/h7_bootloader_bootloader/Middlewares/ST/STM32_USB_Device_Library/Class/DFU/Src/usbd_dfu.c:1255:13:DFU_GetState	8	static
C:/DATA/GitHub/STM32H747I-DISCO-DFU-APPLICATION/h7_bootloader_bootloader/Middlewares/ST/STM32_USB_Device_Library/Class/DFU/Src/usbd_dfu.c:899:13:DFU_Download	8	static
C:/DATA/GitHub/STM32H747I-DISCO-DFU-APPLICATION/h7_bootloader_bootloader/Middlewares/ST/STM32_USB_Device_Library/Class/DFU/Src/usbd_dfu.c:850:13:DFU_Detach	16	static
C:/DATA/GitHub/STM32H747I-DISCO-DFU-APPLICATION/h7_bootloader_bootloader/Middlewares/ST/STM32_USB_Device_Library/Class/DFU/Src/usbd_dfu.c:350:16:USBD_DFU_Setup	32	static
C:/DATA/GitHub/STM32H747I-DISCO-DFU-APPLICATION/h7_bootloader_bootloader/Middlewares/ST/STM32_USB_Device_Library/Class/DFU/Src/usbd_dfu.c:316:16:USBD_DFU_DeInit	16	static
C:/DATA/GitHub/STM32H747I-DISCO-DFU-APPLICATION/h7_bootloader_bootloader/Middlewares/ST/STM32_USB_Device_Library/Class/DFU/Src/usbd_dfu.c:267:16:USBD_DFU_Init	8	static
C:/DATA/GitHub/STM32H747I-DISCO-DFU-APPLICATION/h7_bootloader_bootloader/Middlewares/ST/STM32_USB_Device_Library/Class/DFU/Src/usbd_dfu.c:827:9:USBD_DFU_RegisterMedia	0	static
