../USB_DEVICE/Target/usbd_conf.c:66:6:HAL_PCD_MspInit	280	static
../USB_DEVICE/Target/usbd_conf.c:157:6:HAL_PCD_MspDeInit	8	static
../USB_DEVICE/Target/usbd_conf.c:210:6:HAL_PCD_SetupStageCallback	8	static
../USB_DEVICE/Target/usbd_conf.c:225:6:HAL_PCD_DataOutStageCallback	8	static
../USB_DEVICE/Target/usbd_conf.c:240:6:HAL_PCD_DataInStageCallback	8	static
../USB_DEVICE/Target/usbd_conf.c:254:6:HAL_PCD_SOFCallback	8	static
../USB_DEVICE/Target/usbd_conf.c:268:6:HAL_PCD_ResetCallback	8	static
../USB_DEVICE/Target/usbd_conf.c:301:6:HAL_PCD_SuspendCallback	8	static
../USB_DEVICE/Target/usbd_conf.c:326:6:HAL_PCD_ResumeCallback	8	static
../USB_DEVICE/Target/usbd_conf.c:344:6:HAL_PCD_ISOOUTIncompleteCallback	8	static
../USB_DEVICE/Target/usbd_conf.c:359:6:HAL_PCD_ISOINIncompleteCallback	8	static
../USB_DEVICE/Target/usbd_conf.c:373:6:HAL_PCD_ConnectCallback	8	static
../USB_DEVICE/Target/usbd_conf.c:387:6:HAL_PCD_DisconnectCallback	8	static
../USB_DEVICE/Target/usbd_conf.c:402:20:USBD_LL_Init	8	static
../USB_DEVICE/Target/usbd_conf.c:599:9:USBD_LL_IsStallEP	0	static
../USB_DEVICE/Target/usbd_conf.c:677:10:USBD_LL_GetRxDataSize	8	static
../USB_DEVICE/Target/usbd_conf.c:702:7:USBD_static_malloc	0	static
../USB_DEVICE/Target/usbd_conf.c:714:6:USBD_static_free	0	static
../USB_DEVICE/Target/usbd_conf.c:724:6:USBD_LL_Delay	8	static
../USB_DEVICE/Target/usbd_conf.c:734:20:USBD_Get_USB_Status	0	static
../USB_DEVICE/Target/usbd_conf.c:455:20:USBD_LL_DeInit	8	static
../USB_DEVICE/Target/usbd_conf.c:472:20:USBD_LL_Start	8	static
../USB_DEVICE/Target/usbd_conf.c:489:20:USBD_LL_Stop	8	static
../USB_DEVICE/Target/usbd_conf.c:509:20:USBD_LL_OpenEP	8	static
../USB_DEVICE/Target/usbd_conf.c:527:20:USBD_LL_CloseEP	8	static
../USB_DEVICE/Target/usbd_conf.c:545:20:USBD_LL_FlushEP	8	static
../USB_DEVICE/Target/usbd_conf.c:563:20:USBD_LL_StallEP	8	static
../USB_DEVICE/Target/usbd_conf.c:581:20:USBD_LL_ClearStallEP	8	static
../USB_DEVICE/Target/usbd_conf.c:619:20:USBD_LL_SetUSBAddress	8	static
../USB_DEVICE/Target/usbd_conf.c:639:20:USBD_LL_Transmit	8	static
../USB_DEVICE/Target/usbd_conf.c:659:20:USBD_LL_PrepareReceive	8	static
