Archive member included to satisfy reference by file (symbol)

C:/ST/STM32CubeIDE_1.19.0/STM32CubeIDE/plugins/com.st.stm32cube.ide.mcu.externaltools.gnu-tools-for-stm32.13.3.rel1.win32_1.0.0.202411081344/tools/bin/../lib/gcc/arm-none-eabi/13.3.1/../../../../arm-none-eabi/lib/thumb/v7e-m+dp/hard\libc_nano.a(libc_a-exit.o)
                              C:/ST/STM32CubeIDE_1.19.0/STM32CubeIDE/plugins/com.st.stm32cube.ide.mcu.externaltools.gnu-tools-for-stm32.13.3.rel1.win32_1.0.0.202411081344/tools/bin/../lib/gcc/arm-none-eabi/13.3.1/../../../../arm-none-eabi/lib/thumb/v7e-m+dp/hard/crt0.o (exit)
C:/ST/STM32CubeIDE_1.19.0/STM32CubeIDE/plugins/com.st.stm32cube.ide.mcu.externaltools.gnu-tools-for-stm32.13.3.rel1.win32_1.0.0.202411081344/tools/bin/../lib/gcc/arm-none-eabi/13.3.1/../../../../arm-none-eabi/lib/thumb/v7e-m+dp/hard\libc_nano.a(libc_a-findfp.o)
                              C:/ST/STM32CubeIDE_1.19.0/STM32CubeIDE/plugins/com.st.stm32cube.ide.mcu.externaltools.gnu-tools-for-stm32.13.3.rel1.win32_1.0.0.202411081344/tools/bin/../lib/gcc/arm-none-eabi/13.3.1/../../../../arm-none-eabi/lib/thumb/v7e-m+dp/hard\libc_nano.a(libc_a-exit.o) (__stdio_exit_handler)
C:/ST/STM32CubeIDE_1.19.0/STM32CubeIDE/plugins/com.st.stm32cube.ide.mcu.externaltools.gnu-tools-for-stm32.13.3.rel1.win32_1.0.0.202411081344/tools/bin/../lib/gcc/arm-none-eabi/13.3.1/../../../../arm-none-eabi/lib/thumb/v7e-m+dp/hard\libc_nano.a(libc_a-fwalk.o)
                              C:/ST/STM32CubeIDE_1.19.0/STM32CubeIDE/plugins/com.st.stm32cube.ide.mcu.externaltools.gnu-tools-for-stm32.13.3.rel1.win32_1.0.0.202411081344/tools/bin/../lib/gcc/arm-none-eabi/13.3.1/../../../../arm-none-eabi/lib/thumb/v7e-m+dp/hard\libc_nano.a(libc_a-findfp.o) (_fwalk_sglue)
C:/ST/STM32CubeIDE_1.19.0/STM32CubeIDE/plugins/com.st.stm32cube.ide.mcu.externaltools.gnu-tools-for-stm32.13.3.rel1.win32_1.0.0.202411081344/tools/bin/../lib/gcc/arm-none-eabi/13.3.1/../../../../arm-none-eabi/lib/thumb/v7e-m+dp/hard\libc_nano.a(libc_a-printf.o)
                              ./Core/Src/main.o (printf)
C:/ST/STM32CubeIDE_1.19.0/STM32CubeIDE/plugins/com.st.stm32cube.ide.mcu.externaltools.gnu-tools-for-stm32.13.3.rel1.win32_1.0.0.202411081344/tools/bin/../lib/gcc/arm-none-eabi/13.3.1/../../../../arm-none-eabi/lib/thumb/v7e-m+dp/hard\libc_nano.a(libc_a-stdio.o)
                              C:/ST/STM32CubeIDE_1.19.0/STM32CubeIDE/plugins/com.st.stm32cube.ide.mcu.externaltools.gnu-tools-for-stm32.13.3.rel1.win32_1.0.0.202411081344/tools/bin/../lib/gcc/arm-none-eabi/13.3.1/../../../../arm-none-eabi/lib/thumb/v7e-m+dp/hard\libc_nano.a(libc_a-findfp.o) (__sread)
C:/ST/STM32CubeIDE_1.19.0/STM32CubeIDE/plugins/com.st.stm32cube.ide.mcu.externaltools.gnu-tools-for-stm32.13.3.rel1.win32_1.0.0.202411081344/tools/bin/../lib/gcc/arm-none-eabi/13.3.1/../../../../arm-none-eabi/lib/thumb/v7e-m+dp/hard\libc_nano.a(libc_a-memset.o)
                              C:/ST/STM32CubeIDE_1.19.0/STM32CubeIDE/plugins/com.st.stm32cube.ide.mcu.externaltools.gnu-tools-for-stm32.13.3.rel1.win32_1.0.0.202411081344/tools/bin/../lib/gcc/arm-none-eabi/13.3.1/../../../../arm-none-eabi/lib/thumb/v7e-m+dp/hard/crt0.o (memset)
C:/ST/STM32CubeIDE_1.19.0/STM32CubeIDE/plugins/com.st.stm32cube.ide.mcu.externaltools.gnu-tools-for-stm32.13.3.rel1.win32_1.0.0.202411081344/tools/bin/../lib/gcc/arm-none-eabi/13.3.1/../../../../arm-none-eabi/lib/thumb/v7e-m+dp/hard\libc_nano.a(libc_a-closer.o)
                              C:/ST/STM32CubeIDE_1.19.0/STM32CubeIDE/plugins/com.st.stm32cube.ide.mcu.externaltools.gnu-tools-for-stm32.13.3.rel1.win32_1.0.0.202411081344/tools/bin/../lib/gcc/arm-none-eabi/13.3.1/../../../../arm-none-eabi/lib/thumb/v7e-m+dp/hard\libc_nano.a(libc_a-stdio.o) (_close_r)
C:/ST/STM32CubeIDE_1.19.0/STM32CubeIDE/plugins/com.st.stm32cube.ide.mcu.externaltools.gnu-tools-for-stm32.13.3.rel1.win32_1.0.0.202411081344/tools/bin/../lib/gcc/arm-none-eabi/13.3.1/../../../../arm-none-eabi/lib/thumb/v7e-m+dp/hard\libc_nano.a(libc_a-reent.o)
                              C:/ST/STM32CubeIDE_1.19.0/STM32CubeIDE/plugins/com.st.stm32cube.ide.mcu.externaltools.gnu-tools-for-stm32.13.3.rel1.win32_1.0.0.202411081344/tools/bin/../lib/gcc/arm-none-eabi/13.3.1/../../../../arm-none-eabi/lib/thumb/v7e-m+dp/hard\libc_nano.a(libc_a-closer.o) (errno)
C:/ST/STM32CubeIDE_1.19.0/STM32CubeIDE/plugins/com.st.stm32cube.ide.mcu.externaltools.gnu-tools-for-stm32.13.3.rel1.win32_1.0.0.202411081344/tools/bin/../lib/gcc/arm-none-eabi/13.3.1/../../../../arm-none-eabi/lib/thumb/v7e-m+dp/hard\libc_nano.a(libc_a-impure.o)
                              C:/ST/STM32CubeIDE_1.19.0/STM32CubeIDE/plugins/com.st.stm32cube.ide.mcu.externaltools.gnu-tools-for-stm32.13.3.rel1.win32_1.0.0.202411081344/tools/bin/../lib/gcc/arm-none-eabi/13.3.1/../../../../arm-none-eabi/lib/thumb/v7e-m+dp/hard\libc_nano.a(libc_a-printf.o) (_impure_ptr)
[...]
Memory Configuration

Name             Origin             Length             Attributes
RAM_D1           0x24000000         0x00080000         xrw
FLASH            0x08040000         0x00060000         xr
DTCMRAM          0x20000000         0x00020000         xrw
RAM_D2           0x30000000         0x00048000         xrw
RAM_D3           0x38000000         0x00010000         xrw
ITCMRAM          0x00000000         0x00010000         xrw
*default*        0x00000000         0xffffffff

Linker script and memory map

LOAD C:/ST/STM32CubeIDE_1.19.0/STM32CubeIDE/plugins/com.st.stm32cube.ide.mcu.externaltools.gnu-tools-for-stm32.13.3.rel1.win32_1.0.0.202411081344/tools/bin/../lib/gcc/arm-none-eabi/13.3.1/thumb/v7e-m+dp/hard/crti.o
LOAD C:/ST/STM32CubeIDE_1.19.0/STM32CubeIDE/plugins/com.st.stm32cube.ide.mcu.externaltools.gnu-tools-for-stm32.13.3.rel1.win32_1.0.0.202411081344/tools/bin/../lib/gcc/arm-none-eabi/13.3.1/thumb/v7e-m+dp/hard/crtbegin.o
LOAD C:/ST/STM32CubeIDE_1.19.0/STM32CubeIDE/plugins/com.st.stm32cube.ide.mcu.externaltools.gnu-tools-for-stm32.13.3.rel1.win32_1.0.0.202411081344/tools/bin/../lib/gcc/arm-none-eabi/13.3.1/../../../../arm-none-eabi/lib/thumb/v7e-m+dp/hard/crt0.o
LOAD ./Common/Src/system_stm32h7xx_dualcore_boot_cm4_cm7.o
LOAD ./Core/Src/main.o
LOAD ./Core/Src/stm32h7xx_hal_msp.o
LOAD ./Core/Src/stm32h7xx_it.o
LOAD ./Core/Src/syscalls.o
LOAD ./Core/Src/sysmem.o
LOAD ./Core/Src/usbd_dfu_flash.o
LOAD ./Core/Startup/startup_stm32h747xihx.o
LOAD ./Drivers/STM32H7xx_HAL_Driver/stm32h7xx_hal.o
LOAD ./Drivers/STM32H7xx_HAL_Driver/stm32h7xx_hal_cortex.o
LOAD ./Drivers/STM32H7xx_HAL_Driver/stm32h7xx_hal_crc.o
LOAD ./Drivers/STM32H7xx_HAL_Driver/stm32h7xx_hal_crc_ex.o
LOAD ./Drivers/STM32H7xx_HAL_Driver/stm32h7xx_hal_dma.o
LOAD ./Drivers/STM32H7xx_HAL_Driver/stm32h7xx_hal_dma_ex.o
LOAD ./Drivers/STM32H7xx_HAL_Driver/stm32h7xx_hal_exti.o
LOAD ./Drivers/STM32H7xx_HAL_Driver/stm32h7xx_hal_flash.o
LOAD ./Drivers/STM32H7xx_HAL_Driver/stm32h7xx_hal_flash_ex.o
LOAD ./Drivers/STM32H7xx_HAL_Driver/stm32h7xx_hal_gpio.o
LOAD ./Drivers/STM32H7xx_HAL_Driver/stm32h7xx_hal_hsem.o
LOAD ./Drivers/STM32H7xx_HAL_Driver/stm32h7xx_hal_i2c.o
LOAD ./Drivers/STM32H7xx_HAL_Driver/stm32h7xx_hal_i2c_ex.o
LOAD ./Drivers/STM32H7xx_HAL_Driver/stm32h7xx_hal_mdma.o
LOAD ./Drivers/STM32H7xx_HAL_Driver/stm32h7xx_hal_pcd.o
LOAD ./Drivers/STM32H7xx_HAL_Driver/stm32h7xx_hal_pcd_ex.o
LOAD ./Drivers/STM32H7xx_HAL_Driver/stm32h7xx_hal_pwr.o
LOAD ./Drivers/STM32H7xx_HAL_Driver/stm32h7xx_hal_pwr_ex.o
LOAD ./Drivers/STM32H7xx_HAL_Driver/stm32h7xx_hal_rcc.o
LOAD ./Drivers/STM32H7xx_HAL_Driver/stm32h7xx_hal_rcc_ex.o
LOAD ./Drivers/STM32H7xx_HAL_Driver/stm32h7xx_hal_uart.o
LOAD ./Drivers/STM32H7xx_HAL_Driver/stm32h7xx_hal_uart_ex.o
LOAD ./Drivers/STM32H7xx_HAL_Driver/stm32h7xx_ll_usb.o
LOAD ./Middlewares/ST/STM32_USB_Device_Library/usbd_core.o
LOAD ./Middlewares/ST/STM32_USB_Device_Library/usbd_ctlreq.o
LOAD ./Middlewares/ST/STM32_USB_Device_Library/usbd_dfu.o
LOAD ./Middlewares/ST/STM32_USB_Device_Library/usbd_ioreq.o
LOAD ./USB_DEVICE/App/usb_device.o
LOAD ./USB_DEVICE/App/usbd_desc.o
LOAD ./USB_DEVICE/App/usbd_dfu_if.o
LOAD ./USB_DEVICE/Target/usbd_conf.o
START GROUP
LOAD C:/ST/STM32CubeIDE_1.19.0/STM32CubeIDE/plugins/com.st.stm32cube.ide.mcu.externaltools.gnu-tools-for-stm32.13.3.rel1.win32_1.0.0.202411081344/tools/bin/../lib/gcc/arm-none-eabi/13.3.1/../../../../arm-none-eabi/lib/thumb/v7e-m+dp/hard\libc_nano.a
LOAD C:/ST/STM32CubeIDE_1.19.0/STM32CubeIDE/plugins/com.st.stm32cube.ide.mcu.externaltools.gnu-tools-for-stm32.13.3.rel1.win32_1.0.0.202411081344/tools/bin/../lib/gcc/arm-none-eabi/13.3.1/../../../../arm-none-eabi/lib/thumb/v7e-m+dp/hard\libm.a
END GROUP
START GROUP
LOAD C:/ST/STM32CubeIDE_1.19.0/STM32CubeIDE/plugins/com.st.stm32cube.ide.mcu.externaltools.gnu-tools-for-stm32.13.3.rel1.win32_1.0.0.202411081344/tools/bin/../lib/gcc/arm-none-eabi/13.3.1/thumb/v7e-m+dp/hard\libgcc.a
LOAD C:/ST/STM32CubeIDE_1.19.0/STM32CubeIDE/plugins/com.st.stm32cube.ide.mcu.externaltools.gnu-tools-for-stm32.13.3.rel1.win32_1.0.0.202411081344/tools/bin/../lib/gcc/arm-none-eabi/13.3.1/../../../../arm-none-eabi/lib/thumb/v7e-m+dp/hard\libc_nano.a
END GROUP
START GROUP
LOAD C:/ST/STM32CubeIDE_1.19.0/STM32CubeIDE/plugins/com.st.stm32cube.ide.mcu.externaltools.gnu-tools-for-stm32.13.3.rel1.win32_1.0.0.202411081344/tools/bin/../lib/gcc/arm-none-eabi/13.3.1/thumb/v7e-m+dp/hard\libgcc.a
LOAD C:/ST/STM32CubeIDE_1.19.0/STM32CubeIDE/plugins/com.st.stm32cube.ide.mcu.externaltools.gnu-tools-for-stm32.13.3.rel1.win32_1.0.0.202411081344/tools/bin/../lib/gcc/arm-none-eabi/13.3.1/../../../../arm-none-eabi/lib/thumb/v7e-m+dp/hard\libc_nano.a
LOAD C:/ST/STM32CubeIDE_1.19.0/STM32CubeIDE/plugins/com.st.stm32cube.ide.mcu.externaltools.gnu-tools-for-stm32.13.3.rel1.win32_1.0.0.202411081344/tools/bin/../lib/gcc/arm-none-eabi/13.3.1/../../../../arm-none-eabi/lib/thumb/v7e-m+dp/hard\libnosys.a
END GROUP
START GROUP
LOAD C:/ST/STM32CubeIDE_1.19.0/STM32CubeIDE/plugins/com.st.stm32cube.ide.mcu.externaltools.gnu-tools-for-stm32.13.3.rel1.win32_1.0.0.202411081344/tools/bin/../lib/gcc/arm-none-eabi/13.3.1/thumb/v7e-m+dp/hard\libgcc.a
LOAD C:/ST/STM32CubeIDE_1.19.0/STM32CubeIDE/plugins/com.st.stm32cube.ide.mcu.externaltools.gnu-tools-for-stm32.13.3.rel1.win32_1.0.0.202411081344/tools/bin/../lib/gcc/arm-none-eabi/13.3.1/../../../../arm-none-eabi/lib/thumb/v7e-m+dp/hard\libc_nano.a
LOAD C:/ST/STM32CubeIDE_1.19.0/STM32CubeIDE/plugins/com.st.stm32cube.ide.mcu.externaltools.gnu-tools-for-stm32.13.3.rel1.win32_1.0.0.202411081344/tools/bin/../lib/gcc/arm-none-eabi/13.3.1/../../../../arm-none-eabi/lib/thumb/v7e-m+dp/hard\libnosys.a
END GROUP
LOAD C:/ST/STM32CubeIDE_1.19.0/STM32CubeIDE/plugins/com.st.stm32cube.ide.mcu.externaltools.gnu-tools-for-stm32.13.3.rel1.win32_1.0.0.202411081344/tools/bin/../lib/gcc/arm-none-eabi/13.3.1/thumb/v7e-m+dp/hard/crtend.o
LOAD C:/ST/STM32CubeIDE_1.19.0/STM32CubeIDE/plugins/com.st.stm32cube.ide.mcu.externaltools.gnu-tools-for-stm32.13.3.rel1.win32_1.0.0.202411081344/tools/bin/../lib/gcc/arm-none-eabi/13.3.1/thumb/v7e-m+dp/hard/crtn.o
                0x2407fffc                        _bfalg = ((ORIGIN (RAM_D1) + LENGTH (RAM_D1)) - 0x4)
                0x2407fffc                        _estack = _bfalg
                0x00000200                        _Min_Heap_Size = 0x200
                0x00000400                        _Min_Stack_Size = 0x400

.isr_vector     0x08040000      0x298
                0x08040000                        . = ALIGN (0x4)
 *(.isr_vector)
 .isr_vector    0x08040000      0x298 ./Core/Startup/startup_stm32h747xihx.o
                0x08040000                g_pfnVectors
                0x08040298                        . = ALIGN (0x4)

.text           0x080402a0     0xbfa0
                0x080402a0                        . = ALIGN (0x4)
 *(.text)
 .text          0x080402a0       0x40 C:/ST/STM32CubeIDE_1.19.0/STM32CubeIDE/plugins/com.st.stm32cube.ide.mcu.externaltools.gnu-tools-for-stm32.13.3.rel1.win32_1.0.0.202411081344/tools/bin/../lib/gcc/arm-none-eabi/13.3.1/thumb/v7e-m+dp/hard/crtbegin.o
 .text          0x080402e0       0xa0 C:/ST/STM32CubeIDE_1.19.0/STM32CubeIDE/plugins/com.st.stm32cube.ide.mcu.externaltools.gnu-tools-for-stm32.13.3.rel1.win32_1.0.0.202411081344/tools/bin/../lib/gcc/arm-none-eabi/13.3.1/../../../../arm-none-eabi/lib/thumb/v7e-m+dp/hard\libc_nano.a(libc_a-memchr.o)
                0x080402e0                memchr
 .text          0x08040380       0x30 C:/ST/STM32CubeIDE_1.19.0/STM32CubeIDE/plugins/com.st.stm32cube.ide.mcu.externaltools.gnu-tools-for-stm32.13.3.rel1.win32_1.0.0.202411081344/tools/bin/../lib/gcc/arm-none-eabi/13.3.1/thumb/v7e-m+dp/hard\libgcc.a(_aeabi_uldivmod.o)
                0x08040380                __aeabi_uldivmod
 .text          0x080403b0      0x2f8 C:/ST/STM32CubeIDE_1.19.0/STM32CubeIDE/plugins/com.st.stm32cube.ide.mcu.externaltools.gnu-tools-for-stm32.13.3.rel1.win32_1.0.0.202411081344/tools/bin/../lib/gcc/arm-none-eabi/13.3.1/thumb/v7e-m+dp/hard\libgcc.a(_udivmoddi4.o)
                0x080403b0                __udivmoddi4
 .text          0x080406a8        0x4 C:/ST/STM32CubeIDE_1.19.0/STM32CubeIDE/plugins/com.st.stm32cube.ide.mcu.externaltools.gnu-tools-for-stm32.13.3.rel1.win32_1.0.0.202411081344/tools/bin/../lib/gcc/arm-none-eabi/13.3.1/thumb/v7e-m+dp/hard\libgcc.a(_dvmd_tls.o)
                0x080406a8                __aeabi_idiv0
                0x080406a8                __aeabi_ldiv0
 *(.text*)
 .text.SystemInit
                0x080406ac      0x164 ./Common/Src/system_stm32h7xx_dualcore_boot_cm4_cm7.o
                0x080406ac                SystemInit
 .text.ExitRun0Mode
                0x08040810       0x30 ./Common/Src/system_stm32h7xx_dualcore_boot_cm4_cm7.o
                0x08040810                ExitRun0Mode
 .text.main     0x08040840       0xd0 ./Core/Src/main.o
                0x08040840                main
 .text.SystemClock_Config
                0x08040910      0x10c ./Core/Src/main.o
                0x08040910                SystemClock_Config
 .text.PeriphCommonClock_Config
                0x08040a1c       0x5e ./Core/Src/main.o
                0x08040a1c                PeriphCommonClock_Config
 *fill*         0x08040a7a        0x2 
 .text.MX_CRC_Init
                0x08040a7c       0x44 ./Core/Src/main.o
 .text.MX_USART1_UART_Init
                0x08040ac0       0x98 ./Core/Src/main.o
 .text.MX_GPIO_Init
                0x08040b58      0x108 ./Core/Src/main.o
 .text.Error_Handler
                0x08040c60        0xc ./Core/Src/main.o
                0x08040c60                Error_Handler
 .text.HAL_MspInit
                0x08040c6c       0x34 ./Core/Src/stm32h7xx_hal_msp.o
                0x08040c6c                HAL_MspInit
 .text.HAL_CRC_MspInit
                0x08040ca0       0x44 ./Core/Src/stm32h7xx_hal_msp.o
                0x08040ca0                HAL_CRC_MspInit
 .text.HAL_UART_MspInit
                0x08040ce4       0xd4 ./Core/Src/stm32h7xx_hal_msp.o
                0x08040ce4                HAL_UART_MspInit
 .text.NMI_Handler
                0x08040db8        0x8 ./Core/Src/stm32h7xx_it.o
                0x08040db8                NMI_Handler
 .text.HardFault_Handler
                0x08040dc0        0x8 ./Core/Src/stm32h7xx_it.o
                0x08040dc0                HardFault_Handler
 .text.MemManage_Handler
                0x08040dc8        0x8 ./Core/Src/stm32h7xx_it.o
                0x08040dc8                MemManage_Handler
 .text.BusFault_Handler
                0x08040dd0        0x8 ./Core/Src/stm32h7xx_it.o
                0x08040dd0                BusFault_Handler
 .text.UsageFault_Handler
                0x08040dd8        0x8 ./Core/Src/stm32h7xx_it.o
                0x08040dd8                UsageFault_Handler
 .text.SVC_Handler
                0x08040de0        0xe ./Core/Src/stm32h7xx_it.o
                0x08040de0                SVC_Handler
 .text.DebugMon_Handler
                0x08040dee        0xe ./Core/Src/stm32h7xx_it.o
                0x08040dee                DebugMon_Handler
 .text.PendSV_Handler
                0x08040dfc        0xe ./Core/Src/stm32h7xx_it.o
                0x08040dfc                PendSV_Handler
 .text.SysTick_Handler
                0x08040e0a        0xc ./Core/Src/stm32h7xx_it.o
                0x08040e0a                SysTick_Handler
 *fill*         0x08040e16        0x2 
 .text.OTG_HS_IRQHandler
                0x08040e18       0x14 ./Core/Src/stm32h7xx_it.o
                0x08040e18                OTG_HS_IRQHandler
 .text.ITM_SendChar
                0x08040e2c       0x50 ./Core/Src/syscalls.o
                0x08040e2c                ITM_SendChar
 .text._read    0x08040e7c       0x3a ./Core/Src/syscalls.o
                0x08040e7c                _read
 .text._write   0x08040eb6       0x38 ./Core/Src/syscalls.o
                0x08040eb6                _write
 .text._close   0x08040eee       0x18 ./Core/Src/syscalls.o
                0x08040eee                _close
 .text._fstat   0x08040f06       0x20 ./Core/Src/syscalls.o
                0x08040f06                _fstat
 .text._isatty  0x08040f26       0x16 ./Core/Src/syscalls.o
                0x08040f26                _isatty
 .text._lseek   0x08040f3c       0x1a ./Core/Src/syscalls.o
                0x08040f3c                _lseek
 *fill*         0x08040f56        0x2 
 .text._sbrk    0x08040f58       0x6c ./Core/Src/sysmem.o
                0x08040f58                _sbrk
 .text.Reset_Handler
                0x08040fc4       0x54 ./Core/Startup/startup_stm32h747xihx.o
                0x08040fc4                Reset_Handler
 .text.Default_Handler
                0x08041018        0x2 ./Core/Startup/startup_stm32h747xihx.o
                0x08041018                RTC_Alarm_IRQHandler
                0x08041018                EXTI2_IRQHandler
                0x08041018                TIM8_CC_IRQHandler
                0x08041018                HRTIM1_Master_IRQHandler
                0x08041018                UART8_IRQHandler
                0x08041018                SPI4_IRQHandler
                0x08041018                TIM1_CC_IRQHandler
                0x08041018                BDMA_Channel6_IRQHandler
                0x08041018                DMA2_Stream5_IRQHandler
                0x08041018                HRTIM1_FLT_IRQHandler
                0x08041018                JPEG_IRQHandler
                0x08041018                DMA1_Stream5_IRQHandler
                0x08041018                BDMA_Channel1_IRQHandler
                0x08041018                HRTIM1_TIMD_IRQHandler
                0x08041018                TAMP_STAMP_IRQHandler
                0x08041018                EXTI3_IRQHandler
                0x08041018                LPTIM4_IRQHandler
                0x08041018                TIM8_TRG_COM_TIM14_IRQHandler
                0x08041018                LPTIM2_IRQHandler
                0x08041018                DFSDM1_FLT1_IRQHandler
                0x08041018                DMAMUX2_OVR_IRQHandler
                0x08041018                TIM8_UP_TIM13_IRQHandler
                0x08041018                I2C3_ER_IRQHandler
                0x08041018                DFSDM1_FLT2_IRQHandler
                0x08041018                MDMA_IRQHandler
                0x08041018                LPTIM3_IRQHandler
                0x08041018                HSEM1_IRQHandler
                0x08041018                EXTI0_IRQHandler
                0x08041018                I2C2_EV_IRQHandler
                0x08041018                DMA1_Stream2_IRQHandler
                0x08041018                FPU_IRQHandler
                0x08041018                OTG_HS_WKUP_IRQHandler
                0x08041018                FDCAN1_IT1_IRQHandler
                0x08041018                LTDC_ER_IRQHandler
                0x08041018                DMA2_Stream2_IRQHandler
                0x08041018                HRTIM1_TIME_IRQHandler
                0x08041018                SPI1_IRQHandler
                0x08041018                TIM6_DAC_IRQHandler
                0x08041018                DCMI_IRQHandler
                0x08041018                HRTIM1_TIMC_IRQHandler
                0x08041018                DMA2_Stream3_IRQHandler
                0x08041018                SAI2_IRQHandler
                0x08041018                DFSDM1_FLT3_IRQHandler
                0x08041018                USART6_IRQHandler
                0x08041018                TIM17_IRQHandler
                0x08041018                USART3_IRQHandler
                0x08041018                BDMA_Channel7_IRQHandler
                0x08041018                LPTIM5_IRQHandler
                0x08041018                UART5_IRQHandler
                0x08041018                ADC3_IRQHandler
                0x08041018                DMA2_Stream0_IRQHandler
                0x08041018                TIM4_IRQHandler
                0x08041018                BDMA_Channel2_IRQHandler
                0x08041018                QUADSPI_IRQHandler
                0x08041018                I2C1_EV_IRQHandler
                0x08041018                DMA1_Stream6_IRQHandler
                0x08041018                DMAMUX1_OVR_IRQHandler
                0x08041018                DMA1_Stream1_IRQHandler
                0x08041018                TIM16_IRQHandler
                0x08041018                UART4_IRQHandler
                0x08041018                BDMA_Channel5_IRQHandler
                0x08041018                TIM3_IRQHandler
                0x08041018                RCC_IRQHandler
                0x08041018                TIM8_BRK_TIM12_IRQHandler
                0x08041018                TIM1_TRG_COM_IRQHandler
                0x08041018                Default_Handler
                0x08041018                ECC_IRQHandler
                0x08041018                CEC_IRQHandler
                0x08041018                EXTI15_10_IRQHandler
                0x08041018                BDMA_Channel0_IRQHandler
                0x08041018                ADC_IRQHandler
                0x08041018                DMA1_Stream7_IRQHandler
                0x08041018                HRTIM1_TIMA_IRQHandler
                0x08041018                SPI5_IRQHandler
                0x08041018                TIM7_IRQHandler
                0x08041018                SDMMC1_IRQHandler
                0x08041018                TIM5_IRQHandler
                0x08041018                DMA2_Stream7_IRQHandler
                0x08041018                TIM15_IRQHandler
                0x08041018                PVD_AVD_IRQHandler
                0x08041018                I2C3_EV_IRQHandler
                0x08041018                EXTI9_5_IRQHandler
                0x08041018                RTC_WKUP_IRQHandler
                0x08041018                LTDC_IRQHandler
                0x08041018                SAI3_IRQHandler
                0x08041018                ETH_WKUP_IRQHandler
                0x08041018                SPDIF_RX_IRQHandler
                0x08041018                SPI2_IRQHandler
                0x08041018                OTG_HS_EP1_IN_IRQHandler
                0x08041018                DMA1_Stream0_IRQHandler
                0x08041018                CRS_IRQHandler
                0x08041018                CM7_SEV_IRQHandler
                0x08041018                EXTI4_IRQHandler
                0x08041018                RNG_IRQHandler
                0x08041018                CM4_SEV_IRQHandler
                0x08041018                HRTIM1_TIMB_IRQHandler
                0x08041018                FDCAN2_IT1_IRQHandler
                0x08041018                DSI_IRQHandler
                0x08041018                ETH_IRQHandler
                0x08041018                TIM1_UP_IRQHandler
                0x08041018                WWDG_RST_IRQHandler
                0x08041018                BDMA_Channel4_IRQHandler
                0x08041018                OTG_HS_EP1_OUT_IRQHandler
                0x08041018                WWDG_IRQHandler
                0x08041018                SPI6_IRQHandler
                0x08041018                MDIOS_IRQHandler
                0x08041018                I2C4_EV_IRQHandler
                0x08041018                FDCAN2_IT0_IRQHandler
                0x08041018                LPUART1_IRQHandler
                0x08041018                FDCAN1_IT0_IRQHandler
                0x08041018                TIM2_IRQHandler
                0x08041018                OTG_FS_WKUP_IRQHandler
                0x08041018                HSEM2_IRQHandler
                0x08041018                DMA2D_IRQHandler
                0x08041018                TIM1_BRK_IRQHandler
                0x08041018                EXTI1_IRQHandler
                0x08041018                SDMMC2_IRQHandler
                0x08041018                OTG_FS_EP1_OUT_IRQHandler
                0x08041018                BDMA_Channel3_IRQHandler
                0x08041018                HOLD_CORE_IRQHandler
                0x08041018                UART7_IRQHandler
                0x08041018                MDIOS_WKUP_IRQHandler
                0x08041018                USART2_IRQHandler
                0x08041018                DFSDM1_FLT0_IRQHandler
                0x08041018                SAI4_IRQHandler
                0x08041018                I2C2_ER_IRQHandler
                0x08041018                DMA2_Stream1_IRQHandler
                0x08041018                FLASH_IRQHandler
                0x08041018                DMA2_Stream4_IRQHandler
                0x08041018                USART1_IRQHandler
                0x08041018                OTG_FS_IRQHandler
                0x08041018                SPI3_IRQHandler
                0x08041018                WAKEUP_PIN_IRQHandler
                0x08041018                DMA1_Stream4_IRQHandler
                0x08041018                OTG_FS_EP1_IN_IRQHandler
                0x08041018                I2C1_ER_IRQHandler
                0x08041018                FMC_IRQHandler
                0x08041018                FDCAN_CAL_IRQHandler
                0x08041018                SWPMI1_IRQHandler
                0x08041018                COMP1_IRQHandler
                0x08041018                LPTIM1_IRQHandler
                0x08041018                I2C4_ER_IRQHandler
                0x08041018                DMA2_Stream6_IRQHandler
                0x08041018                SAI1_IRQHandler
                0x08041018                DMA1_Stream3_IRQHandler
 *fill*         0x0804101a        0x2 
 .text.HAL_Init
                0x0804101c       0x78 ./Drivers/STM32H7xx_HAL_Driver/stm32h7xx_hal.o
                0x0804101c                HAL_Init
 .text.HAL_InitTick
                0x08041094       0x6c ./Drivers/STM32H7xx_HAL_Driver/stm32h7xx_hal.o
                0x08041094                HAL_InitTick
 .text.HAL_IncTick
                0x08041100       0x28 ./Drivers/STM32H7xx_HAL_Driver/stm32h7xx_hal.o
                0x08041100                HAL_IncTick
 .text.HAL_GetTick
                0x08041128       0x18 ./Drivers/STM32H7xx_HAL_Driver/stm32h7xx_hal.o
                0x08041128                HAL_GetTick
 .text.HAL_Delay
                0x08041140       0x48 ./Drivers/STM32H7xx_HAL_Driver/stm32h7xx_hal.o
                0x08041140                HAL_Delay
 .text.HAL_GetREVID
                0x08041188       0x18 ./Drivers/STM32H7xx_HAL_Driver/stm32h7xx_hal.o
                0x08041188                HAL_GetREVID
 .text.__NVIC_SetPriorityGrouping
                0x080411a0       0x48 ./Drivers/STM32H7xx_HAL_Driver/stm32h7xx_hal_cortex.o
 .text.__NVIC_GetPriorityGrouping
                0x080411e8       0x1c ./Drivers/STM32H7xx_HAL_Driver/stm32h7xx_hal_cortex.o
 .text.__NVIC_EnableIRQ
                0x08041204       0x3c ./Drivers/STM32H7xx_HAL_Driver/stm32h7xx_hal_cortex.o
 .text.__NVIC_SetPriority
                0x08041240       0x54 ./Drivers/STM32H7xx_HAL_Driver/stm32h7xx_hal_cortex.o
 .text.NVIC_EncodePriority
                0x08041294       0x66 ./Drivers/STM32H7xx_HAL_Driver/stm32h7xx_hal_cortex.o
 *fill*         0x080412fa        0x2 
 .text.SysTick_Config
                0x080412fc       0x44 ./Drivers/STM32H7xx_HAL_Driver/stm32h7xx_hal_cortex.o
 .text.HAL_NVIC_SetPriorityGrouping
                0x08041340       0x16 ./Drivers/STM32H7xx_HAL_Driver/stm32h7xx_hal_cortex.o
                0x08041340                HAL_NVIC_SetPriorityGrouping
 .text.HAL_NVIC_SetPriority
                0x08041356       0x34 ./Drivers/STM32H7xx_HAL_Driver/stm32h7xx_hal_cortex.o
                0x08041356                HAL_NVIC_SetPriority
 .text.HAL_NVIC_EnableIRQ
                0x0804138a       0x1c ./Drivers/STM32H7xx_HAL_Driver/stm32h7xx_hal_cortex.o
                0x0804138a                HAL_NVIC_EnableIRQ
 .text.HAL_SYSTICK_Config
                0x080413a6       0x18 ./Drivers/STM32H7xx_HAL_Driver/stm32h7xx_hal_cortex.o
                0x080413a6                HAL_SYSTICK_Config
 *fill*         0x080413be        0x2 
 .text.HAL_CRC_Init
                0x080413c0       0xc8 ./Drivers/STM32H7xx_HAL_Driver/stm32h7xx_hal_crc.o
                0x080413c0                HAL_CRC_Init
 .text.HAL_CRCEx_Polynomial_Set
                0x08041488      0x11c ./Drivers/STM32H7xx_HAL_Driver/stm32h7xx_hal_crc_ex.o
                0x08041488                HAL_CRCEx_Polynomial_Set
 .text.HAL_GPIO_Init
                0x080415a4      0x360 ./Drivers/STM32H7xx_HAL_Driver/stm32h7xx_hal_gpio.o
                0x080415a4                HAL_GPIO_Init
 .text.HAL_GPIO_WritePin
                0x08041904       0x32 ./Drivers/STM32H7xx_HAL_Driver/stm32h7xx_hal_gpio.o
                0x08041904                HAL_GPIO_WritePin
 .text.HAL_GPIO_TogglePin
                0x08041936       0x34 ./Drivers/STM32H7xx_HAL_Driver/stm32h7xx_hal_gpio.o
                0x08041936                HAL_GPIO_TogglePin
 *fill*         0x0804196a        0x2 
 .text.HAL_HSEM_FastTake
                0x0804196c       0x34 ./Drivers/STM32H7xx_HAL_Driver/stm32h7xx_hal_hsem.o
                0x0804196c                HAL_HSEM_FastTake
 .text.HAL_HSEM_Release
                0x080419a0       0x28 ./Drivers/STM32H7xx_HAL_Driver/stm32h7xx_hal_hsem.o
                0x080419a0                HAL_HSEM_Release
 .text.HAL_PCD_Init
                0x080419c8      0x218 ./Drivers/STM32H7xx_HAL_Driver/stm32h7xx_hal_pcd.o
                0x080419c8                HAL_PCD_Init
 .text.HAL_PCD_Start
                0x08041be0       0x6a ./Drivers/STM32H7xx_HAL_Driver/stm32h7xx_hal_pcd.o
                0x08041be0                HAL_PCD_Start
 .text.HAL_PCD_Stop
                0x08041c4a       0x76 ./Drivers/STM32H7xx_HAL_Driver/stm32h7xx_hal_pcd.o
                0x08041c4a                HAL_PCD_Stop
 .text.HAL_PCD_IRQHandler
                0x08041cc0      0x99c ./Drivers/STM32H7xx_HAL_Driver/stm32h7xx_hal_pcd.o
                0x08041cc0                HAL_PCD_IRQHandler
 .text.HAL_PCD_SetAddress
                0x0804265c       0x48 ./Drivers/STM32H7xx_HAL_Driver/stm32h7xx_hal_pcd.o
                0x0804265c                HAL_PCD_SetAddress
 .text.HAL_PCD_EP_Open
                0x080426a4       0xd4 ./Drivers/STM32H7xx_HAL_Driver/stm32h7xx_hal_pcd.o
                0x080426a4                HAL_PCD_EP_Open
 .text.HAL_PCD_EP_Receive
                0x08042778       0x76 ./Drivers/STM32H7xx_HAL_Driver/stm32h7xx_hal_pcd.o
                0x08042778                HAL_PCD_EP_Receive
 .text.HAL_PCD_EP_Transmit
                0x080427ee       0x74 ./Drivers/STM32H7xx_HAL_Driver/stm32h7xx_hal_pcd.o
                0x080427ee                HAL_PCD_EP_Transmit
 .text.HAL_PCD_EP_SetStall
                0x08042862       0xc6 ./Drivers/STM32H7xx_HAL_Driver/stm32h7xx_hal_pcd.o
                0x08042862                HAL_PCD_EP_SetStall
 .text.HAL_PCD_EP_ClrStall
                0x08042928       0xac ./Drivers/STM32H7xx_HAL_Driver/stm32h7xx_hal_pcd.o
                0x08042928                HAL_PCD_EP_ClrStall
 .text.HAL_PCD_EP_Abort
                0x080429d4       0x62 ./Drivers/STM32H7xx_HAL_Driver/stm32h7xx_hal_pcd.o
                0x080429d4                HAL_PCD_EP_Abort
 .text.PCD_WriteEmptyTxFifo
                0x08042a36      0x118 ./Drivers/STM32H7xx_HAL_Driver/stm32h7xx_hal_pcd.o
 *fill*         0x08042b4e        0x2 
 .text.PCD_EP_OutXfrComplete_int
                0x08042b50      0x1d0 ./Drivers/STM32H7xx_HAL_Driver/stm32h7xx_hal_pcd.o
 .text.PCD_EP_OutSetupPacket_int
                0x08042d20       0x8c ./Drivers/STM32H7xx_HAL_Driver/stm32h7xx_hal_pcd.o
 .text.HAL_PCDEx_SetTxFiFo
                0x08042dac       0x8e ./Drivers/STM32H7xx_HAL_Driver/stm32h7xx_hal_pcd_ex.o
                0x08042dac                HAL_PCDEx_SetTxFiFo
 .text.HAL_PCDEx_SetRxFiFo
                0x08042e3a       0x22 ./Drivers/STM32H7xx_HAL_Driver/stm32h7xx_hal_pcd_ex.o
                0x08042e3a                HAL_PCDEx_SetRxFiFo
 .text.HAL_PCDEx_ActivateLPM
                0x08042e5c       0x48 ./Drivers/STM32H7xx_HAL_Driver/stm32h7xx_hal_pcd_ex.o
                0x08042e5c                HAL_PCDEx_ActivateLPM
 .text.HAL_PCDEx_LPM_Callback
                0x08042ea4       0x18 ./Drivers/STM32H7xx_HAL_Driver/stm32h7xx_hal_pcd_ex.o
                0x08042ea4                HAL_PCDEx_LPM_Callback
 .text.HAL_PWREx_ConfigSupply
                0x08042ebc       0xb4 ./Drivers/STM32H7xx_HAL_Driver/stm32h7xx_hal_pwr_ex.o
                0x08042ebc                HAL_PWREx_ConfigSupply
 .text.HAL_PWREx_EnableUSBVoltageDetector
                0x08042f70       0x20 ./Drivers/STM32H7xx_HAL_Driver/stm32h7xx_hal_pwr_ex.o
                0x08042f70                HAL_PWREx_EnableUSBVoltageDetector
 .text.HAL_RCC_OscConfig
                0x08042f90      0x8b4 ./Drivers/STM32H7xx_HAL_Driver/stm32h7xx_hal_rcc.o
                0x08042f90                HAL_RCC_OscConfig
 .text.HAL_RCC_ClockConfig
                0x08043844      0x36c ./Drivers/STM32H7xx_HAL_Driver/stm32h7xx_hal_rcc.o
                0x08043844                HAL_RCC_ClockConfig
 .text.HAL_RCC_MCOConfig
                0x08043bb0       0xd4 ./Drivers/STM32H7xx_HAL_Driver/stm32h7xx_hal_rcc.o
                0x08043bb0                HAL_RCC_MCOConfig
 .text.HAL_RCC_GetSysClockFreq
                0x08043c84      0x2f4 ./Drivers/STM32H7xx_HAL_Driver/stm32h7xx_hal_rcc.o
                0x08043c84                HAL_RCC_GetSysClockFreq
 .text.HAL_RCC_GetHCLKFreq
                0x08043f78       0x60 ./Drivers/STM32H7xx_HAL_Driver/stm32h7xx_hal_rcc.o
                0x08043f78                HAL_RCC_GetHCLKFreq
 .text.HAL_RCC_GetPCLK1Freq
                0x08043fd8       0x2c ./Drivers/STM32H7xx_HAL_Driver/stm32h7xx_hal_rcc.o
                0x08043fd8                HAL_RCC_GetPCLK1Freq
 .text.HAL_RCC_GetPCLK2Freq
                0x08044004       0x2c ./Drivers/STM32H7xx_HAL_Driver/stm32h7xx_hal_rcc.o
                0x08044004                HAL_RCC_GetPCLK2Freq
 .text.HAL_RCCEx_PeriphCLKConfig
                0x08044030     0x1494 ./Drivers/STM32H7xx_HAL_Driver/stm32h7xx_hal_rcc_ex.o
                0x08044030                HAL_RCCEx_PeriphCLKConfig
 .text.HAL_RCCEx_GetD3PCLK1Freq
                0x080454c4       0x2c ./Drivers/STM32H7xx_HAL_Driver/stm32h7xx_hal_rcc_ex.o
                0x080454c4                HAL_RCCEx_GetD3PCLK1Freq
 .text.HAL_RCCEx_GetPLL2ClockFreq
                0x080454f0      0x2a8 ./Drivers/STM32H7xx_HAL_Driver/stm32h7xx_hal_rcc_ex.o
                0x080454f0                HAL_RCCEx_GetPLL2ClockFreq
 .text.HAL_RCCEx_GetPLL3ClockFreq
                0x08045798      0x2a8 ./Drivers/STM32H7xx_HAL_Driver/stm32h7xx_hal_rcc_ex.o
                0x08045798                HAL_RCCEx_GetPLL3ClockFreq
 .text.RCCEx_PLL2_Config
                0x08045a40      0x164 ./Drivers/STM32H7xx_HAL_Driver/stm32h7xx_hal_rcc_ex.o
 .text.RCCEx_PLL3_Config
                0x08045ba4      0x164 ./Drivers/STM32H7xx_HAL_Driver/stm32h7xx_hal_rcc_ex.o
 .text.HAL_UART_Init
                0x08045d08       0xa0 ./Drivers/STM32H7xx_HAL_Driver/stm32h7xx_hal_uart.o
                0x08045d08                HAL_UART_Init
 .text.UART_SetConfig
                0x08045da8      0xad0 ./Drivers/STM32H7xx_HAL_Driver/stm32h7xx_hal_uart.o
                0x08045da8                UART_SetConfig
 .text.UART_AdvFeatureConfig
                0x08046878      0x144 ./Drivers/STM32H7xx_HAL_Driver/stm32h7xx_hal_uart.o
                0x08046878                UART_AdvFeatureConfig
 .text.UART_CheckIdleState
                0x080469bc      0x154 ./Drivers/STM32H7xx_HAL_Driver/stm32h7xx_hal_uart.o
                0x080469bc                UART_CheckIdleState
 .text.UART_WaitOnFlagUntilTimeout
                0x08046b10       0xda ./Drivers/STM32H7xx_HAL_Driver/stm32h7xx_hal_uart.o
                0x08046b10                UART_WaitOnFlagUntilTimeout
 *fill*         0x08046bea        0x2 
 .text.UART_EndRxTransfer
                0x08046bec       0xcc ./Drivers/STM32H7xx_HAL_Driver/stm32h7xx_hal_uart.o
 .text.HAL_UARTEx_DisableFifoMode
                0x08046cb8       0x72 ./Drivers/STM32H7xx_HAL_Driver/stm32h7xx_hal_uart_ex.o
                0x08046cb8                HAL_UARTEx_DisableFifoMode
 .text.HAL_UARTEx_SetTxFifoThreshold
                0x08046d2a       0x7c ./Drivers/STM32H7xx_HAL_Driver/stm32h7xx_hal_uart_ex.o
                0x08046d2a                HAL_UARTEx_SetTxFifoThreshold
 .text.HAL_UARTEx_SetRxFifoThreshold
                0x08046da6       0x7c ./Drivers/STM32H7xx_HAL_Driver/stm32h7xx_hal_uart_ex.o
                0x08046da6                HAL_UARTEx_SetRxFifoThreshold
 *fill*         0x08046e22        0x2 
 .text.UARTEx_SetNbDataToProcess
                0x08046e24       0x9c ./Drivers/STM32H7xx_HAL_Driver/stm32h7xx_hal_uart_ex.o
 .text.USB_CoreInit
                0x08046ec0       0xe4 ./Drivers/STM32H7xx_HAL_Driver/stm32h7xx_ll_usb.o
                0x08046ec0                USB_CoreInit
 .text.USB_SetTurnaroundTime
                0x08046fa4      0x144 ./Drivers/STM32H7xx_HAL_Driver/stm32h7xx_ll_usb.o
                0x08046fa4                USB_SetTurnaroundTime
 .text.USB_EnableGlobalInt
                0x080470e8       0x22 ./Drivers/STM32H7xx_HAL_Driver/stm32h7xx_ll_usb.o
                0x080470e8                USB_EnableGlobalInt
 .text.USB_DisableGlobalInt
                0x0804710a       0x22 ./Drivers/STM32H7xx_HAL_Driver/stm32h7xx_ll_usb.o
                0x0804710a                USB_DisableGlobalInt
 .text.USB_SetCurrentMode
                0x0804712c       0x98 ./Drivers/STM32H7xx_HAL_Driver/stm32h7xx_ll_usb.o
                0x0804712c                USB_SetCurrentMode
 .text.USB_DevInit
                0x080471c4      0x2bc ./Drivers/STM32H7xx_HAL_Driver/stm32h7xx_ll_usb.o
                0x080471c4                USB_DevInit
 .text.USB_FlushTxFifo
                0x08047480       0x64 ./Drivers/STM32H7xx_HAL_Driver/stm32h7xx_ll_usb.o
                0x08047480                USB_FlushTxFifo
 .text.USB_FlushRxFifo
                0x080474e4       0x5c ./Drivers/STM32H7xx_HAL_Driver/stm32h7xx_ll_usb.o
                0x080474e4                USB_FlushRxFifo
 .text.USB_SetDevSpeed
                0x08047540       0x32 ./Drivers/STM32H7xx_HAL_Driver/stm32h7xx_ll_usb.o
                0x08047540                USB_SetDevSpeed
 .text.USB_GetDevSpeed
                0x08047572       0x4a ./Drivers/STM32H7xx_HAL_Driver/stm32h7xx_ll_usb.o
                0x08047572                USB_GetDevSpeed
 .text.USB_ActivateEndpoint
                0x080475bc      0x110 ./Drivers/STM32H7xx_HAL_Driver/stm32h7xx_ll_usb.o
                0x080475bc                USB_ActivateEndpoint
 .text.USB_EPStartXfer
                0x080476cc      0x548 ./Drivers/STM32H7xx_HAL_Driver/stm32h7xx_ll_usb.o
                0x080476cc                USB_EPStartXfer
 .text.USB_EPStopXfer
                0x08047c14      0x154 ./Drivers/STM32H7xx_HAL_Driver/stm32h7xx_ll_usb.o
                0x08047c14                USB_EPStopXfer
 .text.USB_WritePacket
                0x08047d68       0x7c ./Drivers/STM32H7xx_HAL_Driver/stm32h7xx_ll_usb.o
                0x08047d68                USB_WritePacket
 .text.USB_ReadPacket
                0x08047de4       0xb0 ./Drivers/STM32H7xx_HAL_Driver/stm32h7xx_ll_usb.o
                0x08047de4                USB_ReadPacket
 .text.USB_EPSetStall
                0x08047e94       0xdc ./Drivers/STM32H7xx_HAL_Driver/stm32h7xx_ll_usb.o
                0x08047e94                USB_EPSetStall
 .text.USB_EPClearStall
                0x08047f70       0xcc ./Drivers/STM32H7xx_HAL_Driver/stm32h7xx_ll_usb.o
                0x08047f70                USB_EPClearStall
 .text.USB_SetDevAddress
                0x0804803c       0x4c ./Drivers/STM32H7xx_HAL_Driver/stm32h7xx_ll_usb.o
                0x0804803c                USB_SetDevAddress
 .text.USB_DevConnect
                0x08048088       0x42 ./Drivers/STM32H7xx_HAL_Driver/stm32h7xx_ll_usb.o
                0x08048088                USB_DevConnect
 .text.USB_DevDisconnect
                0x080480ca       0x42 ./Drivers/STM32H7xx_HAL_Driver/stm32h7xx_ll_usb.o
                0x080480ca                USB_DevDisconnect
 .text.USB_ReadInterrupts
                0x0804810c       0x26 ./Drivers/STM32H7xx_HAL_Driver/stm32h7xx_ll_usb.o
                0x0804810c                USB_ReadInterrupts
 .text.USB_ReadDevAllOutEpInterrupt
                0x08048132       0x34 ./Drivers/STM32H7xx_HAL_Driver/stm32h7xx_ll_usb.o
                0x08048132                USB_ReadDevAllOutEpInterrupt
 .text.USB_ReadDevAllInEpInterrupt
                0x08048166       0x34 ./Drivers/STM32H7xx_HAL_Driver/stm32h7xx_ll_usb.o
                0x08048166                USB_ReadDevAllInEpInterrupt
 .text.USB_ReadDevOutEPInterrupt
                0x0804819a       0x3c ./Drivers/STM32H7xx_HAL_Driver/stm32h7xx_ll_usb.o
                0x0804819a                USB_ReadDevOutEPInterrupt
 .text.USB_ReadDevInEPInterrupt
                0x080481d6       0x5c ./Drivers/STM32H7xx_HAL_Driver/stm32h7xx_ll_usb.o
                0x080481d6                USB_ReadDevInEPInterrupt
 .text.USB_GetMode
                0x08048232       0x1c ./Drivers/STM32H7xx_HAL_Driver/stm32h7xx_ll_usb.o
                0x08048232                USB_GetMode
 *fill*         0x0804824e        0x2 
 .text.USB_ActivateSetup
                0x08048250       0x48 ./Drivers/STM32H7xx_HAL_Driver/stm32h7xx_ll_usb.o
                0x08048250                USB_ActivateSetup
 .text.USB_EP0_OutStart
                0x08048298       0xbc ./Drivers/STM32H7xx_HAL_Driver/stm32h7xx_ll_usb.o
                0x08048298                USB_EP0_OutStart
 .text.USB_CoreReset
                0x08048354       0x62 ./Drivers/STM32H7xx_HAL_Driver/stm32h7xx_ll_usb.o
 .text.USBD_Init
                0x080483b6       0x60 ./Middlewares/ST/STM32_USB_Device_Library/usbd_core.o
                0x080483b6                USBD_Init
 .text.USBD_RegisterClass
                0x08048416       0x6c ./Middlewares/ST/STM32_USB_Device_Library/usbd_core.o
                0x08048416                USBD_RegisterClass
 .text.USBD_Start
                0x08048482       0x18 ./Middlewares/ST/STM32_USB_Device_Library/usbd_core.o
                0x08048482                USBD_Start
 .text.USBD_Stop
                0x0804849a       0x36 ./Middlewares/ST/STM32_USB_Device_Library/usbd_core.o
                0x0804849a                USBD_Stop
 .text.USBD_RunTestMode
                0x080484d0       0x16 ./Middlewares/ST/STM32_USB_Device_Library/usbd_core.o
                0x080484d0                USBD_RunTestMode
 .text.USBD_SetClassConfig
                0x080484e6       0x38 ./Middlewares/ST/STM32_USB_Device_Library/usbd_core.o
                0x080484e6                USBD_SetClassConfig
 .text.USBD_ClrClassConfig
                0x0804851e       0x34 ./Middlewares/ST/STM32_USB_Device_Library/usbd_core.o
                0x0804851e                USBD_ClrClassConfig
 .text.USBD_LL_SetupStage
                0x08048552       0xaa ./Middlewares/ST/STM32_USB_Device_Library/usbd_core.o
                0x08048552                USBD_LL_SetupStage
 .text.USBD_LL_DataOutStage
                0x080485fc      0x166 ./Middlewares/ST/STM32_USB_Device_Library/usbd_core.o
                0x080485fc                USBD_LL_DataOutStage
 .text.USBD_LL_DataInStage
                0x08048762      0x164 ./Middlewares/ST/STM32_USB_Device_Library/usbd_core.o
                0x08048762                USBD_LL_DataInStage
 .text.USBD_LL_Reset
                0x080488c6       0xa4 ./Middlewares/ST/STM32_USB_Device_Library/usbd_core.o
                0x080488c6                USBD_LL_Reset
 .text.USBD_LL_SetSpeed
                0x0804896a       0x20 ./Middlewares/ST/STM32_USB_Device_Library/usbd_core.o
                0x0804896a                USBD_LL_SetSpeed
 .text.USBD_LL_Suspend
                0x0804898a       0x38 ./Middlewares/ST/STM32_USB_Device_Library/usbd_core.o
                0x0804898a                USBD_LL_Suspend
 .text.USBD_LL_Resume
                0x080489c2       0x30 ./Middlewares/ST/STM32_USB_Device_Library/usbd_core.o
                0x080489c2                USBD_LL_Resume
 .text.USBD_LL_SOF
                0x080489f2       0x40 ./Middlewares/ST/STM32_USB_Device_Library/usbd_core.o
                0x080489f2                USBD_LL_SOF
 .text.USBD_LL_IsoINIncomplete
                0x08048a32       0x64 ./Middlewares/ST/STM32_USB_Device_Library/usbd_core.o
                0x08048a32                USBD_LL_IsoINIncomplete
 .text.USBD_LL_IsoOUTIncomplete
                0x08048a96       0x64 ./Middlewares/ST/STM32_USB_Device_Library/usbd_core.o
                0x08048a96                USBD_LL_IsoOUTIncomplete
 .text.USBD_LL_DevConnected
                0x08048afa       0x16 ./Middlewares/ST/STM32_USB_Device_Library/usbd_core.o
                0x08048afa                USBD_LL_DevConnected
 .text.USBD_LL_DevDisconnected
                0x08048b10       0x46 ./Middlewares/ST/STM32_USB_Device_Library/usbd_core.o
                0x08048b10                USBD_LL_DevDisconnected
 .text.USBD_CoreFindIF
                0x08048b56       0x1a ./Middlewares/ST/STM32_USB_Device_Library/usbd_core.o
                0x08048b56                USBD_CoreFindIF
 .text.USBD_CoreFindEP
                0x08048b70       0x1a ./Middlewares/ST/STM32_USB_Device_Library/usbd_core.o
                0x08048b70                USBD_CoreFindEP
 .text.USBD_GetNextDesc
                0x08048b8a       0x38 ./Middlewares/ST/STM32_USB_Device_Library/usbd_core.o
                0x08048b8a                USBD_GetNextDesc
 .text.SWAPBYTE
                0x08048bc2       0x3e ./Middlewares/ST/STM32_USB_Device_Library/usbd_ctlreq.o
 .text.USBD_StdDevReq
                0x08048c00       0xe4 ./Middlewares/ST/STM32_USB_Device_Library/usbd_ctlreq.o
                0x08048c00                USBD_StdDevReq
 .text.USBD_StdItfReq
                0x08048ce4       0xd8 ./Middlewares/ST/STM32_USB_Device_Library/usbd_ctlreq.o
                0x08048ce4                USBD_StdItfReq
 .text.USBD_StdEPReq
                0x08048dbc      0x33a ./Middlewares/ST/STM32_USB_Device_Library/usbd_ctlreq.o
                0x08048dbc                USBD_StdEPReq
 *fill*         0x080490f6        0x2 
 .text.USBD_GetDescriptor
                0x080490f8      0x374 ./Middlewares/ST/STM32_USB_Device_Library/usbd_ctlreq.o
 .text.USBD_SetAddress
                0x0804946c       0x88 ./Middlewares/ST/STM32_USB_Device_Library/usbd_ctlreq.o
 .text.USBD_SetConfig
                0x080494f4      0x154 ./Middlewares/ST/STM32_USB_Device_Library/usbd_ctlreq.o
 .text.USBD_GetConfig
                0x08049648       0x6c ./Middlewares/ST/STM32_USB_Device_Library/usbd_ctlreq.o
 .text.USBD_GetStatus
                0x080496b4       0x68 ./Middlewares/ST/STM32_USB_Device_Library/usbd_ctlreq.o
 .text.USBD_SetFeature
                0x0804971c       0x52 ./Middlewares/ST/STM32_USB_Device_Library/usbd_ctlreq.o
 .text.USBD_ClrFeature
                0x0804976e       0x44 ./Middlewares/ST/STM32_USB_Device_Library/usbd_ctlreq.o
 .text.USBD_ParseSetupRequest
                0x080497b2       0x74 ./Middlewares/ST/STM32_USB_Device_Library/usbd_ctlreq.o
                0x080497b2                USBD_ParseSetupRequest
 .text.USBD_CtlError
                0x08049826       0x22 ./Middlewares/ST/STM32_USB_Device_Library/usbd_ctlreq.o
                0x08049826                USBD_CtlError
 .text.USBD_GetString
                0x08049848       0xa4 ./Middlewares/ST/STM32_USB_Device_Library/usbd_ctlreq.o
                0x08049848                USBD_GetString
 .text.USBD_GetLen
                0x080498ec       0x34 ./Middlewares/ST/STM32_USB_Device_Library/usbd_ctlreq.o
 .text.__NVIC_SystemReset
                0x08049920       0x2c ./Middlewares/ST/STM32_USB_Device_Library/usbd_dfu.o
 .text.USBD_DFU_Init
                0x0804994c       0xde ./Middlewares/ST/STM32_USB_Device_Library/usbd_dfu.o
 .text.USBD_DFU_DeInit
                0x08049a2a       0xa4 ./Middlewares/ST/STM32_USB_Device_Library/usbd_dfu.o
 *fill*         0x08049ace        0x2 
 .text.USBD_DFU_Setup
                0x08049ad0      0x208 ./Middlewares/ST/STM32_USB_Device_Library/usbd_dfu.o
 .text.USBD_DFU_GetCfgDesc
                0x08049cd8       0x20 ./Middlewares/ST/STM32_USB_Device_Library/usbd_dfu.o
 .text.USBD_DFU_EP0_RxReady
                0x08049cf8       0x16 ./Middlewares/ST/STM32_USB_Device_Library/usbd_dfu.o
 .text.USBD_DFU_EP0_TxReady
                0x08049d0e      0x220 ./Middlewares/ST/STM32_USB_Device_Library/usbd_dfu.o
 .text.USBD_DFU_SOF
                0x08049f2e       0x16 ./Middlewares/ST/STM32_USB_Device_Library/usbd_dfu.o
 .text.USBD_DFU_GetDeviceQualifierDesc
                0x08049f44       0x20 ./Middlewares/ST/STM32_USB_Device_Library/usbd_dfu.o
 .text.USBD_DFU_GetUsrStringDesc
                0x08049f64       0x4c ./Middlewares/ST/STM32_USB_Device_Library/usbd_dfu.o
 .text.USBD_DFU_RegisterMedia
                0x08049fb0       0x34 ./Middlewares/ST/STM32_USB_Device_Library/usbd_dfu.o
                0x08049fb0                USBD_DFU_RegisterMedia
 .text.DFU_Detach
                0x08049fe4       0xe0 ./Middlewares/ST/STM32_USB_Device_Library/usbd_dfu.o
 .text.DFU_Download
                0x0804a0c4       0xec ./Middlewares/ST/STM32_USB_Device_Library/usbd_dfu.o
 .text.DFU_Upload
                0x0804a1b0      0x210 ./Middlewares/ST/STM32_USB_Device_Library/usbd_dfu.o
 .text.DFU_GetStatus
                0x0804a3c0      0x198 ./Middlewares/ST/STM32_USB_Device_Library/usbd_dfu.o
 .text.DFU_ClearStatus
                0x0804a558       0xb0 ./Middlewares/ST/STM32_USB_Device_Library/usbd_dfu.o
 .text.DFU_GetState
                0x0804a608       0x38 ./Middlewares/ST/STM32_USB_Device_Library/usbd_dfu.o
 .text.DFU_Abort
                0x0804a640       0xaa ./Middlewares/ST/STM32_USB_Device_Library/usbd_dfu.o
 .text.DFU_Leave
                0x0804a6ea       0xca ./Middlewares/ST/STM32_USB_Device_Library/usbd_dfu.o
 .text.USBD_DFU_GetDfuFuncDesc
                0x0804a7b4       0x5c ./Middlewares/ST/STM32_USB_Device_Library/usbd_dfu.o
 .text.USBD_CtlSendData
                0x0804a810       0x36 ./Middlewares/ST/STM32_USB_Device_Library/usbd_ioreq.o
                0x0804a810                USBD_CtlSendData
 .text.USBD_CtlContinueSendData
                0x0804a846       0x22 ./Middlewares/ST/STM32_USB_Device_Library/usbd_ioreq.o
                0x0804a846                USBD_CtlContinueSendData
 .text.USBD_CtlPrepareRx
                0x0804a868       0x3a ./Middlewares/ST/STM32_USB_Device_Library/usbd_ioreq.o
                0x0804a868                USBD_CtlPrepareRx
 .text.USBD_CtlContinueRx
                0x0804a8a2       0x22 ./Middlewares/ST/STM32_USB_Device_Library/usbd_ioreq.o
                0x0804a8a2                USBD_CtlContinueRx
 .text.USBD_CtlSendStatus
                0x0804a8c4       0x26 ./Middlewares/ST/STM32_USB_Device_Library/usbd_ioreq.o
                0x0804a8c4                USBD_CtlSendStatus
 .text.USBD_CtlReceiveStatus
                0x0804a8ea       0x26 ./Middlewares/ST/STM32_USB_Device_Library/usbd_ioreq.o
                0x0804a8ea                USBD_CtlReceiveStatus
 .text.MX_USB_DEVICE_Init
                0x0804a910       0x64 ./USB_DEVICE/App/usb_device.o
                0x0804a910                MX_USB_DEVICE_Init
 .text.USBD_HS_DeviceDescriptor
                0x0804a974       0x24 ./USB_DEVICE/App/usbd_desc.o
                0x0804a974                USBD_HS_DeviceDescriptor
 .text.USBD_HS_LangIDStrDescriptor
                0x0804a998       0x24 ./USB_DEVICE/App/usbd_desc.o
                0x0804a998                USBD_HS_LangIDStrDescriptor
 .text.USBD_HS_ProductStrDescriptor
                0x0804a9bc       0x3c ./USB_DEVICE/App/usbd_desc.o
                0x0804a9bc                USBD_HS_ProductStrDescriptor
 .text.USBD_HS_ManufacturerStrDescriptor
                0x0804a9f8       0x28 ./USB_DEVICE/App/usbd_desc.o
                0x0804a9f8                USBD_HS_ManufacturerStrDescriptor
 .text.USBD_HS_SerialStrDescriptor
                0x0804aa20       0x24 ./USB_DEVICE/App/usbd_desc.o
                0x0804aa20                USBD_HS_SerialStrDescriptor
 .text.USBD_HS_ConfigStrDescriptor
                0x0804aa44       0x3c ./USB_DEVICE/App/usbd_desc.o
                0x0804aa44                USBD_HS_ConfigStrDescriptor
 .text.USBD_HS_InterfaceStrDescriptor
                0x0804aa80       0x3c ./USB_DEVICE/App/usbd_desc.o
                0x0804aa80                USBD_HS_InterfaceStrDescriptor
 .text.Get_SerialNum
                0x0804aabc       0x58 ./USB_DEVICE/App/usbd_desc.o
 .text.IntToUnicode
                0x0804ab14       0x7e ./USB_DEVICE/App/usbd_desc.o
 .text.MEM_If_Init_HS
                0x0804ab92       0x10 ./USB_DEVICE/App/usbd_dfu_if.o
 .text.MEM_If_DeInit_HS
                0x0804aba2       0x10 ./USB_DEVICE/App/usbd_dfu_if.o
 .text.MEM_If_Erase_HS
                0x0804abb2       0x16 ./USB_DEVICE/App/usbd_dfu_if.o
 .text.MEM_If_Write_HS
                0x0804abc8       0x1a ./USB_DEVICE/App/usbd_dfu_if.o
 .text.MEM_If_Read_HS
                0x0804abe2       0x1a ./USB_DEVICE/App/usbd_dfu_if.o
 .text.MEM_If_GetStatus_HS
                0x0804abfc       0x22 ./USB_DEVICE/App/usbd_dfu_if.o
 *fill*         0x0804ac1e        0x2 
 .text.HAL_PCD_MspInit
                0x0804ac20      0x24c ./USB_DEVICE/Target/usbd_conf.o
                0x0804ac20                HAL_PCD_MspInit
 .text.HAL_PCD_SetupStageCallback
                0x0804ae6c       0x24 ./USB_DEVICE/Target/usbd_conf.o
                0x0804ae6c                HAL_PCD_SetupStageCallback
 .text.HAL_PCD_DataOutStageCallback
                0x0804ae90       0x36 ./USB_DEVICE/Target/usbd_conf.o
                0x0804ae90                HAL_PCD_DataOutStageCallback
 .text.HAL_PCD_DataInStageCallback
                0x0804aec6       0x34 ./USB_DEVICE/Target/usbd_conf.o
                0x0804aec6                HAL_PCD_DataInStageCallback
 .text.HAL_PCD_SOFCallback
                0x0804aefa       0x1c ./USB_DEVICE/Target/usbd_conf.o
                0x0804aefa                HAL_PCD_SOFCallback
 .text.HAL_PCD_ResetCallback
                0x0804af16       0x50 ./USB_DEVICE/Target/usbd_conf.o
                0x0804af16                HAL_PCD_ResetCallback
 *fill*         0x0804af66        0x2 
 .text.HAL_PCD_SuspendCallback
                0x0804af68       0x4c ./USB_DEVICE/Target/usbd_conf.o
                0x0804af68                HAL_PCD_SuspendCallback
 .text.HAL_PCD_ResumeCallback
                0x0804afb4       0x1c ./USB_DEVICE/Target/usbd_conf.o
                0x0804afb4                HAL_PCD_ResumeCallback
 .text.HAL_PCD_ISOOUTIncompleteCallback
                0x0804afd0       0x24 ./USB_DEVICE/Target/usbd_conf.o
                0x0804afd0                HAL_PCD_ISOOUTIncompleteCallback
 .text.HAL_PCD_ISOINIncompleteCallback
                0x0804aff4       0x24 ./USB_DEVICE/Target/usbd_conf.o
                0x0804aff4                HAL_PCD_ISOINIncompleteCallback
 .text.HAL_PCD_ConnectCallback
                0x0804b018       0x1c ./USB_DEVICE/Target/usbd_conf.o
                0x0804b018                HAL_PCD_ConnectCallback
 .text.HAL_PCD_DisconnectCallback
                0x0804b034       0x1c ./USB_DEVICE/Target/usbd_conf.o
                0x0804b034                HAL_PCD_DisconnectCallback
 .text.USBD_LL_Init
                0x0804b050       0xa4 ./USB_DEVICE/Target/usbd_conf.o
                0x0804b050                USBD_LL_Init
 .text.USBD_LL_Start
                0x0804b0f4       0x36 ./USB_DEVICE/Target/usbd_conf.o
                0x0804b0f4                USBD_LL_Start
 .text.USBD_LL_Stop
                0x0804b12a       0x36 ./USB_DEVICE/Target/usbd_conf.o
                0x0804b12a                USBD_LL_Stop
 .text.USBD_LL_OpenEP
                0x0804b160       0x4c ./USB_DEVICE/Target/usbd_conf.o
                0x0804b160                USBD_LL_OpenEP
 .text.USBD_LL_StallEP
                0x0804b1ac       0x3e ./USB_DEVICE/Target/usbd_conf.o
                0x0804b1ac                USBD_LL_StallEP
 .text.USBD_LL_ClearStallEP
                0x0804b1ea       0x3e ./USB_DEVICE/Target/usbd_conf.o
                0x0804b1ea                USBD_LL_ClearStallEP
 .text.USBD_LL_IsStallEP
                0x0804b228       0x58 ./USB_DEVICE/Target/usbd_conf.o
                0x0804b228                USBD_LL_IsStallEP
 .text.USBD_LL_SetUSBAddress
                0x0804b280       0x3e ./USB_DEVICE/Target/usbd_conf.o
                0x0804b280                USBD_LL_SetUSBAddress
 .text.USBD_LL_Transmit
                0x0804b2be       0x42 ./USB_DEVICE/Target/usbd_conf.o
                0x0804b2be                USBD_LL_Transmit
 .text.USBD_LL_PrepareReceive
                0x0804b300       0x42 ./USB_DEVICE/Target/usbd_conf.o
                0x0804b300                USBD_LL_PrepareReceive
 *fill*         0x0804b342        0x2 
 .text.USBD_static_malloc
                0x0804b344       0x1c ./USB_DEVICE/Target/usbd_conf.o
                0x0804b344                USBD_static_malloc
 .text.USBD_static_free
                0x0804b360       0x14 ./USB_DEVICE/Target/usbd_conf.o
                0x0804b360                USBD_static_free
 .text.USBD_Get_USB_Status
                0x0804b374       0x58 ./USB_DEVICE/Target/usbd_conf.o
                0x0804b374                USBD_Get_USB_Status
 .text.std      0x0804b3cc       0x6c C:/ST/STM32CubeIDE_1.19.0/STM32CubeIDE/plugins/com.st.stm32cube.ide.mcu.externaltools.gnu-tools-for-stm32.13.3.rel1.win32_1.0.0.202411081344/tools/bin/../lib/gcc/arm-none-eabi/13.3.1/../../../../arm-none-eabi/lib/thumb/v7e-m+dp/hard\libc_nano.a(libc_a-findfp.o)
 .text.stdio_exit_handler
                0x0804b438       0x18 C:/ST/STM32CubeIDE_1.19.0/STM32CubeIDE/plugins/com.st.stm32cube.ide.mcu.externaltools.gnu-tools-for-stm32.13.3.rel1.win32_1.0.0.202411081344/tools/bin/../lib/gcc/arm-none-eabi/13.3.1/../../../../arm-none-eabi/lib/thumb/v7e-m+dp/hard\libc_nano.a(libc_a-findfp.o)
 .text.cleanup_stdio
                0x0804b450       0x40 C:/ST/STM32CubeIDE_1.19.0/STM32CubeIDE/plugins/com.st.stm32cube.ide.mcu.externaltools.gnu-tools-for-stm32.13.3.rel1.win32_1.0.0.202411081344/tools/bin/../lib/gcc/arm-none-eabi/13.3.1/../../../../arm-none-eabi/lib/thumb/v7e-m+dp/hard\libc_nano.a(libc_a-findfp.o)
 .text.global_stdio_init.part.0
                0x0804b490       0x3c C:/ST/STM32CubeIDE_1.19.0/STM32CubeIDE/plugins/com.st.stm32cube.ide.mcu.externaltools.gnu-tools-for-stm32.13.3.rel1.win32_1.0.0.202411081344/tools/bin/../lib/gcc/arm-none-eabi/13.3.1/../../../../arm-none-eabi/lib/thumb/v7e-m+dp/hard\libc_nano.a(libc_a-findfp.o)
 .text.__sfp_lock_acquire
                0x0804b4cc        0xc C:/ST/STM32CubeIDE_1.19.0/STM32CubeIDE/plugins/com.st.stm32cube.ide.mcu.externaltools.gnu-tools-for-stm32.13.3.rel1.win32_1.0.0.202411081344/tools/bin/../lib/gcc/arm-none-eabi/13.3.1/../../../../arm-none-eabi/lib/thumb/v7e-m+dp/hard\libc_nano.a(libc_a-findfp.o)
                0x0804b4cc                __sfp_lock_acquire
 .text.__sfp_lock_release
                0x0804b4d8        0xc C:/ST/STM32CubeIDE_1.19.0/STM32CubeIDE/plugins/com.st.stm32cube.ide.mcu.externaltools.gnu-tools-for-stm32.13.3.rel1.win32_1.0.0.202411081344/tools/bin/../lib/gcc/arm-none-eabi/13.3.1/../../../../arm-none-eabi/lib/thumb/v7e-m+dp/hard\libc_nano.a(libc_a-findfp.o)
                0x0804b4d8                __sfp_lock_release
 .text.__sinit  0x0804b4e4       0x30 C:/ST/STM32CubeIDE_1.19.0/STM32CubeIDE/plugins/com.st.stm32cube.ide.mcu.externaltools.gnu-tools-for-stm32.13.3.rel1.win32_1.0.0.202411081344/tools/bin/../lib/gcc/arm-none-eabi/13.3.1/../../../../arm-none-eabi/lib/thumb/v7e-m+dp/hard\libc_nano.a(libc_a-findfp.o)
                0x0804b4e4                __sinit
 .text._fwalk_sglue
                0x0804b514       0x3c C:/ST/STM32CubeIDE_1.19.0/STM32CubeIDE/plugins/com.st.stm32cube.ide.mcu.externaltools.gnu-tools-for-stm32.13.3.rel1.win32_1.0.0.202411081344/tools/bin/../lib/gcc/arm-none-eabi/13.3.1/../../../../arm-none-eabi/lib/thumb/v7e-m+dp/hard\libc_nano.a(libc_a-fwalk.o)
                0x0804b514                _fwalk_sglue
 .text.printf   0x0804b550       0x24 C:/ST/STM32CubeIDE_1.19.0/STM32CubeIDE/plugins/com.st.stm32cube.ide.mcu.externaltools.gnu-tools-for-stm32.13.3.rel1.win32_1.0.0.202411081344/tools/bin/../lib/gcc/arm-none-eabi/13.3.1/../../../../arm-none-eabi/lib/thumb/v7e-m+dp/hard\libc_nano.a(libc_a-printf.o)
                0x0804b550                iprintf
                0x0804b550                printf
 .text.__sread  0x0804b574       0x22 C:/ST/STM32CubeIDE_1.19.0/STM32CubeIDE/plugins/com.st.stm32cube.ide.mcu.externaltools.gnu-tools-for-stm32.13.3.rel1.win32_1.0.0.202411081344/tools/bin/../lib/gcc/arm-none-eabi/13.3.1/../../../../arm-none-eabi/lib/thumb/v7e-m+dp/hard\libc_nano.a(libc_a-stdio.o)
                0x0804b574                __sread
 .text.__swrite
                0x0804b596       0x38 C:/ST/STM32CubeIDE_1.19.0/STM32CubeIDE/plugins/com.st.stm32cube.ide.mcu.externaltools.gnu-tools-for-stm32.13.3.rel1.win32_1.0.0.202411081344/tools/bin/../lib/gcc/arm-none-eabi/13.3.1/../../../../arm-none-eabi/lib/thumb/v7e-m+dp/hard\libc_nano.a(libc_a-stdio.o)
                0x0804b596                __swrite
 .text.__sseek  0x0804b5ce       0x24 C:/ST/STM32CubeIDE_1.19.0/STM32CubeIDE/plugins/com.st.stm32cube.ide.mcu.externaltools.gnu-tools-for-stm32.13.3.rel1.win32_1.0.0.202411081344/tools/bin/../lib/gcc/arm-none-eabi/13.3.1/../../../../arm-none-eabi/lib/thumb/v7e-m+dp/hard\libc_nano.a(libc_a-stdio.o)
                0x0804b5ce                __sseek
 .text.__sclose
                0x0804b5f2        0x8 C:/ST/STM32CubeIDE_1.19.0/STM32CubeIDE/plugins/com.st.stm32cube.ide.mcu.externaltools.gnu-tools-for-stm32.13.3.rel1.win32_1.0.0.202411081344/tools/bin/../lib/gcc/arm-none-eabi/13.3.1/../../../../arm-none-eabi/lib/thumb/v7e-m+dp/hard\libc_nano.a(libc_a-stdio.o)
                0x0804b5f2                __sclose
 .text.memset   0x0804b5fa       0x10 C:/ST/STM32CubeIDE_1.19.0/STM32CubeIDE/plugins/com.st.stm32cube.ide.mcu.externaltools.gnu-tools-for-stm32.13.3.rel1.win32_1.0.0.202411081344/tools/bin/../lib/gcc/arm-none-eabi/13.3.1/../../../../arm-none-eabi/lib/thumb/v7e-m+dp/hard\libc_nano.a(libc_a-memset.o)
                0x0804b5fa                memset
 *fill*         0x0804b60a        0x2 
 .text._close_r
                0x0804b60c       0x20 C:/ST/STM32CubeIDE_1.19.0/STM32CubeIDE/plugins/com.st.stm32cube.ide.mcu.externaltools.gnu-tools-for-stm32.13.3.rel1.win32_1.0.0.202411081344/tools/bin/../lib/gcc/arm-none-eabi/13.3.1/../../../../arm-none-eabi/lib/thumb/v7e-m+dp/hard\libc_nano.a(libc_a-closer.o)
                0x0804b60c                _close_r
 .text._lseek_r
                0x0804b62c       0x24 C:/ST/STM32CubeIDE_1.19.0/STM32CubeIDE/plugins/com.st.stm32cube.ide.mcu.externaltools.gnu-tools-for-stm32.13.3.rel1.win32_1.0.0.202411081344/tools/bin/../lib/gcc/arm-none-eabi/13.3.1/../../../../arm-none-eabi/lib/thumb/v7e-m+dp/hard\libc_nano.a(libc_a-lseekr.o)
                0x0804b62c                _lseek_r
 .text._read_r  0x0804b650       0x24 C:/ST/STM32CubeIDE_1.19.0/STM32CubeIDE/plugins/com.st.stm32cube.ide.mcu.externaltools.gnu-tools-for-stm32.13.3.rel1.win32_1.0.0.202411081344/tools/bin/../lib/gcc/arm-none-eabi/13.3.1/../../../../arm-none-eabi/lib/thumb/v7e-m+dp/hard\libc_nano.a(libc_a-readr.o)
                0x0804b650                _read_r
 .text._write_r
                0x0804b674       0x24 C:/ST/STM32CubeIDE_1.19.0/STM32CubeIDE/plugins/com.st.stm32cube.ide.mcu.externaltools.gnu-tools-for-stm32.13.3.rel1.win32_1.0.0.202411081344/tools/bin/../lib/gcc/arm-none-eabi/13.3.1/../../../../arm-none-eabi/lib/thumb/v7e-m+dp/hard\libc_nano.a(libc_a-writer.o)
                0x0804b674                _write_r
 .text.__errno  0x0804b698        0xc C:/ST/STM32CubeIDE_1.19.0/STM32CubeIDE/plugins/com.st.stm32cube.ide.mcu.externaltools.gnu-tools-for-stm32.13.3.rel1.win32_1.0.0.202411081344/tools/bin/../lib/gcc/arm-none-eabi/13.3.1/../../../../arm-none-eabi/lib/thumb/v7e-m+dp/hard\libc_nano.a(libc_a-errno.o)
                0x0804b698                __errno
 .text.__libc_init_array
                0x0804b6a4       0x48 C:/ST/STM32CubeIDE_1.19.0/STM32CubeIDE/plugins/com.st.stm32cube.ide.mcu.externaltools.gnu-tools-for-stm32.13.3.rel1.win32_1.0.0.202411081344/tools/bin/../lib/gcc/arm-none-eabi/13.3.1/../../../../arm-none-eabi/lib/thumb/v7e-m+dp/hard\libc_nano.a(libc_a-init.o)
                0x0804b6a4                __libc_init_array
 .text.__retarget_lock_init_recursive
                0x0804b6ec        0x2 C:/ST/STM32CubeIDE_1.19.0/STM32CubeIDE/plugins/com.st.stm32cube.ide.mcu.externaltools.gnu-tools-for-stm32.13.3.rel1.win32_1.0.0.202411081344/tools/bin/../lib/gcc/arm-none-eabi/13.3.1/../../../../arm-none-eabi/lib/thumb/v7e-m+dp/hard\libc_nano.a(libc_a-lock.o)
                0x0804b6ec                __retarget_lock_init_recursive
 .text.__retarget_lock_acquire_recursive
                0x0804b6ee        0x2 C:/ST/STM32CubeIDE_1.19.0/STM32CubeIDE/plugins/com.st.stm32cube.ide.mcu.externaltools.gnu-tools-for-stm32.13.3.rel1.win32_1.0.0.202411081344/tools/bin/../lib/gcc/arm-none-eabi/13.3.1/../../../../arm-none-eabi/lib/thumb/v7e-m+dp/hard\libc_nano.a(libc_a-lock.o)
                0x0804b6ee                __retarget_lock_acquire_recursive
 .text.__retarget_lock_release_recursive
                0x0804b6f0        0x2 C:/ST/STM32CubeIDE_1.19.0/STM32CubeIDE/plugins/com.st.stm32cube.ide.mcu.externaltools.gnu-tools-for-stm32.13.3.rel1.win32_1.0.0.202411081344/tools/bin/../lib/gcc/arm-none-eabi/13.3.1/../../../../arm-none-eabi/lib/thumb/v7e-m+dp/hard\libc_nano.a(libc_a-lock.o)
                0x0804b6f0                __retarget_lock_release_recursive
 *fill*         0x0804b6f2        0x2 
 .text._free_r  0x0804b6f4       0x94 C:/ST/STM32CubeIDE_1.19.0/STM32CubeIDE/plugins/com.st.stm32cube.ide.mcu.externaltools.gnu-tools-for-stm32.13.3.rel1.win32_1.0.0.202411081344/tools/bin/../lib/gcc/arm-none-eabi/13.3.1/../../../../arm-none-eabi/lib/thumb/v7e-m+dp/hard\libc_nano.a(libc_a-freer.o)
                0x0804b6f4                _free_r
 .text.sbrk_aligned
                0x0804b788       0x44 C:/ST/STM32CubeIDE_1.19.0/STM32CubeIDE/plugins/com.st.stm32cube.ide.mcu.externaltools.gnu-tools-for-stm32.13.3.rel1.win32_1.0.0.202411081344/tools/bin/../lib/gcc/arm-none-eabi/13.3.1/../../../../arm-none-eabi/lib/thumb/v7e-m+dp/hard\libc_nano.a(libc_a-mallocr.o)
 .text._malloc_r
                0x0804b7cc      0x100 C:/ST/STM32CubeIDE_1.19.0/STM32CubeIDE/plugins/com.st.stm32cube.ide.mcu.externaltools.gnu-tools-for-stm32.13.3.rel1.win32_1.0.0.202411081344/tools/bin/../lib/gcc/arm-none-eabi/13.3.1/../../../../arm-none-eabi/lib/thumb/v7e-m+dp/hard\libc_nano.a(libc_a-mallocr.o)
                0x0804b7cc                _malloc_r
 .text.__malloc_lock
                0x0804b8cc        0xc C:/ST/STM32CubeIDE_1.19.0/STM32CubeIDE/plugins/com.st.stm32cube.ide.mcu.externaltools.gnu-tools-for-stm32.13.3.rel1.win32_1.0.0.202411081344/tools/bin/../lib/gcc/arm-none-eabi/13.3.1/../../../../arm-none-eabi/lib/thumb/v7e-m+dp/hard\libc_nano.a(libc_a-mlock.o)
                0x0804b8cc                __malloc_lock
 .text.__malloc_unlock
                0x0804b8d8        0xc C:/ST/STM32CubeIDE_1.19.0/STM32CubeIDE/plugins/com.st.stm32cube.ide.mcu.externaltools.gnu-tools-for-stm32.13.3.rel1.win32_1.0.0.202411081344/tools/bin/../lib/gcc/arm-none-eabi/13.3.1/../../../../arm-none-eabi/lib/thumb/v7e-m+dp/hard\libc_nano.a(libc_a-mlock.o)
                0x0804b8d8                __malloc_unlock
 .text.__sfputc_r
                0x0804b8e4       0x2e C:/ST/STM32CubeIDE_1.19.0/STM32CubeIDE/plugins/com.st.stm32cube.ide.mcu.externaltools.gnu-tools-for-stm32.13.3.rel1.win32_1.0.0.202411081344/tools/bin/../lib/gcc/arm-none-eabi/13.3.1/../../../../arm-none-eabi/lib/thumb/v7e-m+dp/hard\libc_nano.a(libc_a-nano-vfprintf.o)
 .text.__sfputs_r
                0x0804b912       0x24 C:/ST/STM32CubeIDE_1.19.0/STM32CubeIDE/plugins/com.st.stm32cube.ide.mcu.externaltools.gnu-tools-for-stm32.13.3.rel1.win32_1.0.0.202411081344/tools/bin/../lib/gcc/arm-none-eabi/13.3.1/../../../../arm-none-eabi/lib/thumb/v7e-m+dp/hard\libc_nano.a(libc_a-nano-vfprintf.o)
                0x0804b912                __sfputs_r
 *fill*         0x0804b936        0x2 
 .text._vfprintf_r
                0x0804b938      0x230 C:/ST/STM32CubeIDE_1.19.0/STM32CubeIDE/plugins/com.st.stm32cube.ide.mcu.externaltools.gnu-tools-for-stm32.13.3.rel1.win32_1.0.0.202411081344/tools/bin/../lib/gcc/arm-none-eabi/13.3.1/../../../../arm-none-eabi/lib/thumb/v7e-m+dp/hard\libc_nano.a(libc_a-nano-vfprintf.o)
                0x0804b938                _vfprintf_r
                0x0804b938                _vfiprintf_r
 .text._printf_common
                0x0804bb68       0xda C:/ST/STM32CubeIDE_1.19.0/STM32CubeIDE/plugins/com.st.stm32cube.ide.mcu.externaltools.gnu-tools-for-stm32.13.3.rel1.win32_1.0.0.202411081344/tools/bin/../lib/gcc/arm-none-eabi/13.3.1/../../../../arm-none-eabi/lib/thumb/v7e-m+dp/hard\libc_nano.a(libc_a-nano-vfprintf_i.o)
                0x0804bb68                _printf_common
 *fill*         0x0804bc42        0x2 
 .text._printf_i
                0x0804bc44      0x23c C:/ST/STM32CubeIDE_1.19.0/STM32CubeIDE/plugins/com.st.stm32cube.ide.mcu.externaltools.gnu-tools-for-stm32.13.3.rel1.win32_1.0.0.202411081344/tools/bin/../lib/gcc/arm-none-eabi/13.3.1/../../../../arm-none-eabi/lib/thumb/v7e-m+dp/hard\libc_nano.a(libc_a-nano-vfprintf_i.o)
                0x0804bc44                _printf_i
 .text.__sflush_r
                0x0804be80      0x108 C:/ST/STM32CubeIDE_1.19.0/STM32CubeIDE/plugins/com.st.stm32cube.ide.mcu.externaltools.gnu-tools-for-stm32.13.3.rel1.win32_1.0.0.202411081344/tools/bin/../lib/gcc/arm-none-eabi/13.3.1/../../../../arm-none-eabi/lib/thumb/v7e-m+dp/hard\libc_nano.a(libc_a-fflush.o)
                0x0804be80                __sflush_r
 .text._fflush_r
                0x0804bf88       0x50 C:/ST/STM32CubeIDE_1.19.0/STM32CubeIDE/plugins/com.st.stm32cube.ide.mcu.externaltools.gnu-tools-for-stm32.13.3.rel1.win32_1.0.0.202411081344/tools/bin/../lib/gcc/arm-none-eabi/13.3.1/../../../../arm-none-eabi/lib/thumb/v7e-m+dp/hard\libc_nano.a(libc_a-fflush.o)
                0x0804bf88                _fflush_r
 .text.__swbuf_r
                0x0804bfd8       0x7c C:/ST/STM32CubeIDE_1.19.0/STM32CubeIDE/plugins/com.st.stm32cube.ide.mcu.externaltools.gnu-tools-for-stm32.13.3.rel1.win32_1.0.0.202411081344/tools/bin/../lib/gcc/arm-none-eabi/13.3.1/../../../../arm-none-eabi/lib/thumb/v7e-m+dp/hard\libc_nano.a(libc_a-wbuf.o)
                0x0804bfd8                __swbuf_r
 .text.__swsetup_r
                0x0804c054       0xac C:/ST/STM32CubeIDE_1.19.0/STM32CubeIDE/plugins/com.st.stm32cube.ide.mcu.externaltools.gnu-tools-for-stm32.13.3.rel1.win32_1.0.0.202411081344/tools/bin/../lib/gcc/arm-none-eabi/13.3.1/../../../../arm-none-eabi/lib/thumb/v7e-m+dp/hard\libc_nano.a(libc_a-wsetup.o)
                0x0804c054                __swsetup_r
 .text._sbrk_r  0x0804c100       0x20 C:/ST/STM32CubeIDE_1.19.0/STM32CubeIDE/plugins/com.st.stm32cube.ide.mcu.externaltools.gnu-tools-for-stm32.13.3.rel1.win32_1.0.0.202411081344/tools/bin/../lib/gcc/arm-none-eabi/13.3.1/../../../../arm-none-eabi/lib/thumb/v7e-m+dp/hard\libc_nano.a(libc_a-sbrkr.o)
                0x0804c100                _sbrk_r
 .text.__swhatbuf_r
                0x0804c120       0x4c C:/ST/STM32CubeIDE_1.19.0/STM32CubeIDE/plugins/com.st.stm32cube.ide.mcu.externaltools.gnu-tools-for-stm32.13.3.rel1.win32_1.0.0.202411081344/tools/bin/../lib/gcc/arm-none-eabi/13.3.1/../../../../arm-none-eabi/lib/thumb/v7e-m+dp/hard\libc_nano.a(libc_a-makebuf.o)
                0x0804c120                __swhatbuf_r
 .text.__smakebuf_r
                0x0804c16c       0x78 C:/ST/STM32CubeIDE_1.19.0/STM32CubeIDE/plugins/com.st.stm32cube.ide.mcu.externaltools.gnu-tools-for-stm32.13.3.rel1.win32_1.0.0.202411081344/tools/bin/../lib/gcc/arm-none-eabi/13.3.1/../../../../arm-none-eabi/lib/thumb/v7e-m+dp/hard\libc_nano.a(libc_a-makebuf.o)
                0x0804c16c                __smakebuf_r
 .text._fstat_r
                0x0804c1e4       0x24 C:/ST/STM32CubeIDE_1.19.0/STM32CubeIDE/plugins/com.st.stm32cube.ide.mcu.externaltools.gnu-tools-for-stm32.13.3.rel1.win32_1.0.0.202411081344/tools/bin/../lib/gcc/arm-none-eabi/13.3.1/../../../../arm-none-eabi/lib/thumb/v7e-m+dp/hard\libc_nano.a(libc_a-fstatr.o)
                0x0804c1e4                _fstat_r
 .text._isatty_r
                0x0804c208       0x20 C:/ST/STM32CubeIDE_1.19.0/STM32CubeIDE/plugins/com.st.stm32cube.ide.mcu.externaltools.gnu-tools-for-stm32.13.3.rel1.win32_1.0.0.202411081344/tools/bin/../lib/gcc/arm-none-eabi/13.3.1/../../../../arm-none-eabi/lib/thumb/v7e-m+dp/hard\libc_nano.a(libc_a-isattyr.o)
                0x0804c208                _isatty_r
 *(.glue_7)
 .glue_7        0x0804c228        0x0 linker stubs
 *(.glue_7t)
 .glue_7t       0x0804c228        0x0 linker stubs
 *(.eh_frame)
 .eh_frame      0x0804c228        0x0 C:/ST/STM32CubeIDE_1.19.0/STM32CubeIDE/plugins/com.st.stm32cube.ide.mcu.externaltools.gnu-tools-for-stm32.13.3.rel1.win32_1.0.0.202411081344/tools/bin/../lib/gcc/arm-none-eabi/13.3.1/thumb/v7e-m+dp/hard/crtbegin.o
 *(.init)
 .init          0x0804c228        0x4 C:/ST/STM32CubeIDE_1.19.0/STM32CubeIDE/plugins/com.st.stm32cube.ide.mcu.externaltools.gnu-tools-for-stm32.13.3.rel1.win32_1.0.0.202411081344/tools/bin/../lib/gcc/arm-none-eabi/13.3.1/thumb/v7e-m+dp/hard/crti.o
                0x0804c228                _init
 .init          0x0804c22c        0x8 C:/ST/STM32CubeIDE_1.19.0/STM32CubeIDE/plugins/com.st.stm32cube.ide.mcu.externaltools.gnu-tools-for-stm32.13.3.rel1.win32_1.0.0.202411081344/tools/bin/../lib/gcc/arm-none-eabi/13.3.1/thumb/v7e-m+dp/hard/crtn.o
 *(.fini)
 .fini          0x0804c234        0x4 C:/ST/STM32CubeIDE_1.19.0/STM32CubeIDE/plugins/com.st.stm32cube.ide.mcu.externaltools.gnu-tools-for-stm32.13.3.rel1.win32_1.0.0.202411081344/tools/bin/../lib/gcc/arm-none-eabi/13.3.1/thumb/v7e-m+dp/hard/crti.o
                0x0804c234                _fini
 .fini          0x0804c238        0x8 C:/ST/STM32CubeIDE_1.19.0/STM32CubeIDE/plugins/com.st.stm32cube.ide.mcu.externaltools.gnu-tools-for-stm32.13.3.rel1.win32_1.0.0.202411081344/tools/bin/../lib/gcc/arm-none-eabi/13.3.1/thumb/v7e-m+dp/hard/crtn.o
                0x0804c240                        . = ALIGN (0x4)
                0x0804c240                        _etext = .

.vfp11_veneer   0x0804c240        0x0
 .vfp11_veneer  0x0804c240        0x0 linker stubs

.v4_bx          0x0804c240        0x0
 .v4_bx         0x0804c240        0x0 linker stubs

.iplt           0x0804c240        0x0
 .iplt          0x0804c240        0x0 C:/ST/STM32CubeIDE_1.19.0/STM32CubeIDE/plugins/com.st.stm32cube.ide.mcu.externaltools.gnu-tools-for-stm32.13.3.rel1.win32_1.0.0.202411081344/tools/bin/../lib/gcc/arm-none-eabi/13.3.1/thumb/v7e-m+dp/hard/crtbegin.o

.rodata         0x0804c240      0x154
                0x0804c240                        . = ALIGN (0x4)
 *(.rodata)
 .rodata        0x0804c240       0x38 ./Core/Src/main.o
 .rodata        0x0804c278       0x4e ./USB_DEVICE/App/usbd_desc.o
 *fill*         0x0804c2c6        0x2 
 .rodata        0x0804c2c8       0x5d ./USB_DEVICE/App/usbd_dfu_if.o
 *(.rodata*)
 *fill*         0x0804c325        0x3 
 .rodata.D1CorePrescTable
                0x0804c328       0x10 ./Common/Src/system_stm32h7xx_dualcore_boot_cm4_cm7.o
                0x0804c328                D1CorePrescTable
 .rodata.UARTPrescTable
                0x0804c338       0x18 ./Drivers/STM32H7xx_HAL_Driver/stm32h7xx_hal_uart.o
                0x0804c338                UARTPrescTable
 .rodata.numerator.1
                0x0804c350        0x8 ./Drivers/STM32H7xx_HAL_Driver/stm32h7xx_hal_uart_ex.o
 .rodata.denominator.0
                0x0804c358        0x8 ./Drivers/STM32H7xx_HAL_Driver/stm32h7xx_hal_uart_ex.o
 .rodata._vfprintf_r.str1.1
                0x0804c360       0x33 C:/ST/STM32CubeIDE_1.19.0/STM32CubeIDE/plugins/com.st.stm32cube.ide.mcu.externaltools.gnu-tools-for-stm32.13.3.rel1.win32_1.0.0.202411081344/tools/bin/../lib/gcc/arm-none-eabi/13.3.1/../../../../arm-none-eabi/lib/thumb/v7e-m+dp/hard\libc_nano.a(libc_a-nano-vfprintf.o)
                                 0x11 (size before relaxing)
 .rodata._printf_i.str1.1
                0x0804c393       0x22 C:/ST/STM32CubeIDE_1.19.0/STM32CubeIDE/plugins/com.st.stm32cube.ide.mcu.externaltools.gnu-tools-for-stm32.13.3.rel1.win32_1.0.0.202411081344/tools/bin/../lib/gcc/arm-none-eabi/13.3.1/../../../../arm-none-eabi/lib/thumb/v7e-m+dp/hard\libc_nano.a(libc_a-nano-vfprintf_i.o)
                0x0804c3b8                        . = ALIGN (0x4)
 *fill*         0x0804c393        0x1 

.ARM.extab      0x0804c394        0x0
                0x0804c394                        . = ALIGN (0x4)
 *(.ARM.extab* .gnu.linkonce.armextab.*)
                0x0804c394                        . = ALIGN (0x4)

.ARM            0x0804c394        0x8
                0x0804c394                        . = ALIGN (0x4)
                0x0804c394                        __exidx_start = .
 *(.ARM.exidx*)
 .ARM.exidx     0x0804c394        0x8 C:/ST/STM32CubeIDE_1.19.0/STM32CubeIDE/plugins/com.st.stm32cube.ide.mcu.externaltools.gnu-tools-for-stm32.13.3.rel1.win32_1.0.0.202411081344/tools/bin/../lib/gcc/arm-none-eabi/13.3.1/../../../../arm-none-eabi/lib/thumb/v7e-m+dp/hard\libc_nano.a(libc_a-memchr.o)
 .ARM.exidx     0x0804c39c        0x0 C:/ST/STM32CubeIDE_1.19.0/STM32CubeIDE/plugins/com.st.stm32cube.ide.mcu.externaltools.gnu-tools-for-stm32.13.3.rel1.win32_1.0.0.202411081344/tools/bin/../lib/gcc/arm-none-eabi/13.3.1/thumb/v7e-m+dp/hard\libgcc.a(_udivmoddi4.o)
                                  0x8 (size before relaxing)
                0x0804c39c                        __exidx_end = .
                0x0804c39c                        . = ALIGN (0x4)

.preinit_array  0x0804c39c        0x0
                0x0804c39c                        . = ALIGN (0x4)
                0x0804c39c                        PROVIDE (__preinit_array_start = .)
 *(.preinit_array*)
                0x0804c39c                        PROVIDE (__preinit_array_end = .)
                0x0804c39c                        . = ALIGN (0x4)

.init_array     0x0804c39c        0x4
                0x0804c39c                        . = ALIGN (0x4)
                0x0804c39c                        PROVIDE (__init_array_start = .)
 *(SORT_BY_NAME(.init_array.*))
 *(.init_array*)
 .init_array    0x0804c39c        0x4 C:/ST/STM32CubeIDE_1.19.0/STM32CubeIDE/plugins/com.st.stm32cube.ide.mcu.externaltools.gnu-tools-for-stm32.13.3.rel1.win32_1.0.0.202411081344/tools/bin/../lib/gcc/arm-none-eabi/13.3.1/thumb/v7e-m+dp/hard/crtbegin.o
                0x0804c3a0                        PROVIDE (__init_array_end = .)
                0x0804c3a0                        . = ALIGN (0x4)

.fini_array     0x0804c3a0        0x4
                0x0804c3a0                        . = ALIGN (0x4)
                [!provide]                        PROVIDE (__fini_array_start = .)
 *(SORT_BY_NAME(.fini_array.*))
 *(.fini_array*)
 .fini_array    0x0804c3a0        0x4 C:/ST/STM32CubeIDE_1.19.0/STM32CubeIDE/plugins/com.st.stm32cube.ide.mcu.externaltools.gnu-tools-for-stm32.13.3.rel1.win32_1.0.0.202411081344/tools/bin/../lib/gcc/arm-none-eabi/13.3.1/thumb/v7e-m+dp/hard/crtbegin.o
                [!provide]                        PROVIDE (__fini_array_end = .)
                0x0804c3a4                        . = ALIGN (0x4)
                0x0804c3a4                        _sidata = LOADADDR (.data)

.rel.dyn        0x0804c3a4        0x0
 .rel.iplt      0x0804c3a4        0x0 C:/ST/STM32CubeIDE_1.19.0/STM32CubeIDE/plugins/com.st.stm32cube.ide.mcu.externaltools.gnu-tools-for-stm32.13.3.rel1.win32_1.0.0.202411081344/tools/bin/../lib/gcc/arm-none-eabi/13.3.1/thumb/v7e-m+dp/hard/crtbegin.o

.data           0x24000000      0x140 load address 0x0804c3a4
                0x24000000                        . = ALIGN (0x4)
                0x24000000                        _sdata = .
 *(.data)
 *(.data*)
 .data.SystemCoreClock
                0x24000000        0x4 ./Common/Src/system_stm32h7xx_dualcore_boot_cm4_cm7.o
                0x24000000                SystemCoreClock
 .data.SystemD2Clock
                0x24000004        0x4 ./Common/Src/system_stm32h7xx_dualcore_boot_cm4_cm7.o
                0x24000004                SystemD2Clock
 .data.uwTickPrio
                0x24000008        0x4 ./Drivers/STM32H7xx_HAL_Driver/stm32h7xx_hal.o
                0x24000008                uwTickPrio
 .data.uwTickFreq
                0x2400000c        0x1 ./Drivers/STM32H7xx_HAL_Driver/stm32h7xx_hal.o
                0x2400000c                uwTickFreq
 *fill*         0x2400000d        0x3 
 .data.USBD_DFU
                0x24000010       0x3c ./Middlewares/ST/STM32_USB_Device_Library/usbd_dfu.o
                0x24000010                USBD_DFU
 .data.USBD_DFU_CfgDesc
                0x2400004c       0x1b ./Middlewares/ST/STM32_USB_Device_Library/usbd_dfu.o
 *fill*         0x24000067        0x1 
 .data.USBD_DFU_DeviceQualifierDesc
                0x24000068        0xa ./Middlewares/ST/STM32_USB_Device_Library/usbd_dfu.o
 *fill*         0x24000072        0x2 
 .data.HS_Desc  0x24000074       0x20 ./USB_DEVICE/App/usbd_desc.o
                0x24000074                HS_Desc
 .data.USBD_HS_DeviceDesc
                0x24000094       0x12 ./USB_DEVICE/App/usbd_desc.o
                0x24000094                USBD_HS_DeviceDesc
 *fill*         0x240000a6        0x2 
 .data.USBD_LangIDDesc
                0x240000a8        0x4 ./USB_DEVICE/App/usbd_desc.o
                0x240000a8                USBD_LangIDDesc
 .data.USBD_StringSerial
                0x240000ac       0x1a ./USB_DEVICE/App/usbd_desc.o
                0x240000ac                USBD_StringSerial
 *fill*         0x240000c6        0x2 
 .data.USBD_DFU_fops_HS
                0x240000c8       0x1c ./USB_DEVICE/App/usbd_dfu_if.o
                0x240000c8                USBD_DFU_fops_HS
 .data.__sglue  0x240000e4        0xc C:/ST/STM32CubeIDE_1.19.0/STM32CubeIDE/plugins/com.st.stm32cube.ide.mcu.externaltools.gnu-tools-for-stm32.13.3.rel1.win32_1.0.0.202411081344/tools/bin/../lib/gcc/arm-none-eabi/13.3.1/../../../../arm-none-eabi/lib/thumb/v7e-m+dp/hard\libc_nano.a(libc_a-findfp.o)
                0x240000e4                __sglue
 .data._impure_ptr
                0x240000f0        0x4 C:/ST/STM32CubeIDE_1.19.0/STM32CubeIDE/plugins/com.st.stm32cube.ide.mcu.externaltools.gnu-tools-for-stm32.13.3.rel1.win32_1.0.0.202411081344/tools/bin/../lib/gcc/arm-none-eabi/13.3.1/../../../../arm-none-eabi/lib/thumb/v7e-m+dp/hard\libc_nano.a(libc_a-impure.o)
                0x240000f0                _impure_ptr
 .data._impure_data
                0x240000f4       0x4c C:/ST/STM32CubeIDE_1.19.0/STM32CubeIDE/plugins/com.st.stm32cube.ide.mcu.externaltools.gnu-tools-for-stm32.13.3.rel1.win32_1.0.0.202411081344/tools/bin/../lib/gcc/arm-none-eabi/13.3.1/../../../../arm-none-eabi/lib/thumb/v7e-m+dp/hard\libc_nano.a(libc_a-impure.o)
                0x240000f4                _impure_data
 *(.RamFunc)
 *(.RamFunc*)
                0x24000140                        . = ALIGN (0x4)
                0x24000140                        _edata = .

.igot.plt       0x24000140        0x0 load address 0x0804c4e4
 .igot.plt      0x24000140        0x0 C:/ST/STM32CubeIDE_1.19.0/STM32CubeIDE/plugins/com.st.stm32cube.ide.mcu.externaltools.gnu-tools-for-stm32.13.3.rel1.win32_1.0.0.202411081344/tools/bin/../lib/gcc/arm-none-eabi/13.3.1/thumb/v7e-m+dp/hard/crtbegin.o
                0x24000140                        . = ALIGN (0x4)

.bss            0x24000140     0x1110 load address 0x0804c4e4
                0x24000140                        _sbss = .
                0x24000140                        __bss_start__ = _sbss
 *(.bss)
 .bss           0x24000140       0x1c C:/ST/STM32CubeIDE_1.19.0/STM32CubeIDE/plugins/com.st.stm32cube.ide.mcu.externaltools.gnu-tools-for-stm32.13.3.rel1.win32_1.0.0.202411081344/tools/bin/../lib/gcc/arm-none-eabi/13.3.1/thumb/v7e-m+dp/hard/crtbegin.o
 *(.bss*)
 .bss.hcrc      0x2400015c       0x24 ./Core/Src/main.o
                0x2400015c                hcrc
 .bss.huart1    0x24000180       0x94 ./Core/Src/main.o
                0x24000180                huart1
 .bss.__sbrk_heap_end
                0x24000214        0x4 ./Core/Src/sysmem.o
 .bss.uwTick    0x24000218        0x4 ./Drivers/STM32H7xx_HAL_Driver/stm32h7xx_hal.o
                0x24000218                uwTick
 .bss.cfgidx.0  0x2400021c        0x1 ./Middlewares/ST/STM32_USB_Device_Library/usbd_ctlreq.o
 *fill*         0x2400021d        0x3 
 .bss.USBD_StrDesc.0
                0x24000220       0xff ./Middlewares/ST/STM32_USB_Device_Library/usbd_dfu.o
 *fill*         0x2400031f        0x1 
 .bss.hUsbDeviceHS
                0x24000320      0x2dc ./USB_DEVICE/App/usb_device.o
                0x24000320                hUsbDeviceHS
 .bss.USBD_StrDesc
                0x240005fc      0x200 ./USB_DEVICE/App/usbd_desc.o
                0x240005fc                USBD_StrDesc
 .bss.hpcd_USB_OTG_HS
                0x240007fc      0x4e4 ./USB_DEVICE/Target/usbd_conf.o
                0x240007fc                hpcd_USB_OTG_HS
 .bss.mem.0     0x24000ce0      0x424 ./USB_DEVICE/Target/usbd_conf.o
 .bss.__sf      0x24001104      0x138 C:/ST/STM32CubeIDE_1.19.0/STM32CubeIDE/plugins/com.st.stm32cube.ide.mcu.externaltools.gnu-tools-for-stm32.13.3.rel1.win32_1.0.0.202411081344/tools/bin/../lib/gcc/arm-none-eabi/13.3.1/../../../../arm-none-eabi/lib/thumb/v7e-m+dp/hard\libc_nano.a(libc_a-findfp.o)
                0x24001104                __sf
 .bss.__stdio_exit_handler
                0x2400123c        0x4 C:/ST/STM32CubeIDE_1.19.0/STM32CubeIDE/plugins/com.st.stm32cube.ide.mcu.externaltools.gnu-tools-for-stm32.13.3.rel1.win32_1.0.0.202411081344/tools/bin/../lib/gcc/arm-none-eabi/13.3.1/../../../../arm-none-eabi/lib/thumb/v7e-m+dp/hard\libc_nano.a(libc_a-findfp.o)
                0x2400123c                __stdio_exit_handler
 .bss.errno     0x24001240        0x4 C:/ST/STM32CubeIDE_1.19.0/STM32CubeIDE/plugins/com.st.stm32cube.ide.mcu.externaltools.gnu-tools-for-stm32.13.3.rel1.win32_1.0.0.202411081344/tools/bin/../lib/gcc/arm-none-eabi/13.3.1/../../../../arm-none-eabi/lib/thumb/v7e-m+dp/hard\libc_nano.a(libc_a-reent.o)
                0x24001240                errno
 .bss.__lock___malloc_recursive_mutex
                0x24001244        0x1 C:/ST/STM32CubeIDE_1.19.0/STM32CubeIDE/plugins/com.st.stm32cube.ide.mcu.externaltools.gnu-tools-for-stm32.13.3.rel1.win32_1.0.0.202411081344/tools/bin/../lib/gcc/arm-none-eabi/13.3.1/../../../../arm-none-eabi/lib/thumb/v7e-m+dp/hard\libc_nano.a(libc_a-lock.o)
                0x24001244                __lock___malloc_recursive_mutex
 .bss.__lock___sfp_recursive_mutex
                0x24001245        0x1 C:/ST/STM32CubeIDE_1.19.0/STM32CubeIDE/plugins/com.st.stm32cube.ide.mcu.externaltools.gnu-tools-for-stm32.13.3.rel1.win32_1.0.0.202411081344/tools/bin/../lib/gcc/arm-none-eabi/13.3.1/../../../../arm-none-eabi/lib/thumb/v7e-m+dp/hard\libc_nano.a(libc_a-lock.o)
                0x24001245                __lock___sfp_recursive_mutex
 *fill*         0x24001246        0x2 
 .bss.__malloc_sbrk_start
                0x24001248        0x4 C:/ST/STM32CubeIDE_1.19.0/STM32CubeIDE/plugins/com.st.stm32cube.ide.mcu.externaltools.gnu-tools-for-stm32.13.3.rel1.win32_1.0.0.202411081344/tools/bin/../lib/gcc/arm-none-eabi/13.3.1/../../../../arm-none-eabi/lib/thumb/v7e-m+dp/hard\libc_nano.a(libc_a-mallocr.o)
                0x24001248                __malloc_sbrk_start
 .bss.__malloc_free_list
                0x2400124c        0x4 C:/ST/STM32CubeIDE_1.19.0/STM32CubeIDE/plugins/com.st.stm32cube.ide.mcu.externaltools.gnu-tools-for-stm32.13.3.rel1.win32_1.0.0.202411081344/tools/bin/../lib/gcc/arm-none-eabi/13.3.1/../../../../arm-none-eabi/lib/thumb/v7e-m+dp/hard\libc_nano.a(libc_a-mallocr.o)
                0x2400124c                __malloc_free_list
 *(COMMON)
                0x24001250                        . = ALIGN (0x4)
                0x24001250                        _ebss = .
                0x24001250                        __bss_end__ = _ebss

._user_heap_stack
                0x24001250      0x600 load address 0x0804c4e4
                0x24001250                        . = ALIGN (0x8)
                [!provide]                        PROVIDE (end = .)
                0x24001250                        PROVIDE (_end = .)
                0x24001450                        . = (. + _Min_Heap_Size)
 *fill*         0x24001250      0x200 
                0x24001850                        . = (. + _Min_Stack_Size)
 *fill*         0x24001450      0x400 
                0x24001850                        . = ALIGN (0x8)

/DISCARD/
 libc.a(*)
 libm.a(*)
 libgcc.a(*)

.ARM.attributes
                0x00000000       0x2e
 *(.ARM.attributes)
 .ARM.attributes
                0x00000000       0x20 C:/ST/STM32CubeIDE_1.19.0/STM32CubeIDE/plugins/com.st.stm32cube.ide.mcu.externaltools.gnu-tools-for-stm32.13.3.rel1.win32_1.0.0.202411081344/tools/bin/../lib/gcc/arm-none-eabi/13.3.1/thumb/v7e-m+dp/hard/crti.o
 .ARM.attributes
                0x00000020       0x32 C:/ST/STM32CubeIDE_1.19.0/STM32CubeIDE/plugins/com.st.stm32cube.ide.mcu.externaltools.gnu-tools-for-stm32.13.3.rel1.win32_1.0.0.202411081344/tools/bin/../lib/gcc/arm-none-eabi/13.3.1/thumb/v7e-m+dp/hard/crtbegin.o
 .ARM.attributes
                0x00000052       0x32 ./Common/Src/system_stm32h7xx_dualcore_boot_cm4_cm7.o
 .ARM.attributes
                0x00000084       0x32 ./Core/Src/main.o
 .ARM.attributes
                0x000000b6       0x32 ./Core/Src/stm32h7xx_hal_msp.o
 .ARM.attributes
                0x000000e8       0x32 ./Core/Src/stm32h7xx_it.o
 .ARM.attributes
                0x0000011a       0x32 ./Core/Src/syscalls.o
 .ARM.attributes
                0x0000014c       0x32 ./Core/Src/sysmem.o
 .ARM.attributes
                0x0000017e       0x21 ./Core/Startup/startup_stm32h747xihx.o
 .ARM.attributes
                0x0000019f       0x32 ./Drivers/STM32H7xx_HAL_Driver/stm32h7xx_hal.o
 .ARM.attributes
                0x000001d1       0x32 ./Drivers/STM32H7xx_HAL_Driver/stm32h7xx_hal_cortex.o
 .ARM.attributes
                0x00000203       0x32 ./Drivers/STM32H7xx_HAL_Driver/stm32h7xx_hal_crc.o
 .ARM.attributes
                0x00000235       0x32 ./Drivers/STM32H7xx_HAL_Driver/stm32h7xx_hal_crc_ex.o
 .ARM.attributes
                0x00000267       0x32 ./Drivers/STM32H7xx_HAL_Driver/stm32h7xx_hal_gpio.o
 .ARM.attributes
                0x00000299       0x32 ./Drivers/STM32H7xx_HAL_Driver/stm32h7xx_hal_hsem.o
 .ARM.attributes
                0x000002cb       0x32 ./Drivers/STM32H7xx_HAL_Driver/stm32h7xx_hal_pcd.o
 .ARM.attributes
                0x000002fd       0x32 ./Drivers/STM32H7xx_HAL_Driver/stm32h7xx_hal_pcd_ex.o
 .ARM.attributes
                0x0000032f       0x32 ./Drivers/STM32H7xx_HAL_Driver/stm32h7xx_hal_pwr_ex.o
 .ARM.attributes
                0x00000361       0x32 ./Drivers/STM32H7xx_HAL_Driver/stm32h7xx_hal_rcc.o
 .ARM.attributes
                0x00000393       0x32 ./Drivers/STM32H7xx_HAL_Driver/stm32h7xx_hal_rcc_ex.o
 .ARM.attributes
                0x000003c5       0x32 ./Drivers/STM32H7xx_HAL_Driver/stm32h7xx_hal_uart.o
 .ARM.attributes
                0x000003f7       0x32 ./Drivers/STM32H7xx_HAL_Driver/stm32h7xx_hal_uart_ex.o
 .ARM.attributes
                0x00000429       0x32 ./Drivers/STM32H7xx_HAL_Driver/stm32h7xx_ll_usb.o
 .ARM.attributes
                0x0000045b       0x32 ./Middlewares/ST/STM32_USB_Device_Library/usbd_core.o
 .ARM.attributes
                0x0000048d       0x32 ./Middlewares/ST/STM32_USB_Device_Library/usbd_ctlreq.o
 .ARM.attributes
                0x000004bf       0x32 ./Middlewares/ST/STM32_USB_Device_Library/usbd_dfu.o
 .ARM.attributes
                0x000004f1       0x32 ./Middlewares/ST/STM32_USB_Device_Library/usbd_ioreq.o
 .ARM.attributes
                0x00000523       0x32 ./USB_DEVICE/App/usb_device.o
 .ARM.attributes
                0x00000555       0x32 ./USB_DEVICE/App/usbd_desc.o
 .ARM.attributes
                0x00000587       0x32 ./USB_DEVICE/App/usbd_dfu_if.o
 .ARM.attributes
                0x000005b9       0x32 ./USB_DEVICE/Target/usbd_conf.o
 .ARM.attributes
                0x000005eb       0x32 C:/ST/STM32CubeIDE_1.19.0/STM32CubeIDE/plugins/com.st.stm32cube.ide.mcu.externaltools.gnu-tools-for-stm32.13.3.rel1.win32_1.0.0.202411081344/tools/bin/../lib/gcc/arm-none-eabi/13.3.1/../../../../arm-none-eabi/lib/thumb/v7e-m+dp/hard\libc_nano.a(libc_a-findfp.o)
 .ARM.attributes
                0x0000061d       0x32 C:/ST/STM32CubeIDE_1.19.0/STM32CubeIDE/plugins/com.st.stm32cube.ide.mcu.externaltools.gnu-tools-for-stm32.13.3.rel1.win32_1.0.0.202411081344/tools/bin/../lib/gcc/arm-none-eabi/13.3.1/../../../../arm-none-eabi/lib/thumb/v7e-m+dp/hard\libc_nano.a(libc_a-fwalk.o)
 .ARM.attributes
                0x0000064f       0x32 C:/ST/STM32CubeIDE_1.19.0/STM32CubeIDE/plugins/com.st.stm32cube.ide.mcu.externaltools.gnu-tools-for-stm32.13.3.rel1.win32_1.0.0.202411081344/tools/bin/../lib/gcc/arm-none-eabi/13.3.1/../../../../arm-none-eabi/lib/thumb/v7e-m+dp/hard\libc_nano.a(libc_a-printf.o)
 .ARM.attributes
                0x00000681       0x32 C:/ST/STM32CubeIDE_1.19.0/STM32CubeIDE/plugins/com.st.stm32cube.ide.mcu.externaltools.gnu-tools-for-stm32.13.3.rel1.win32_1.0.0.202411081344/tools/bin/../lib/gcc/arm-none-eabi/13.3.1/../../../../arm-none-eabi/lib/thumb/v7e-m+dp/hard\libc_nano.a(libc_a-stdio.o)
 .ARM.attributes
                0x000006b3       0x32 C:/ST/STM32CubeIDE_1.19.0/STM32CubeIDE/plugins/com.st.stm32cube.ide.mcu.externaltools.gnu-tools-for-stm32.13.3.rel1.win32_1.0.0.202411081344/tools/bin/../lib/gcc/arm-none-eabi/13.3.1/../../../../arm-none-eabi/lib/thumb/v7e-m+dp/hard\libc_nano.a(libc_a-memset.o)
 .ARM.attributes
                0x000006e5       0x32 C:/ST/STM32CubeIDE_1.19.0/STM32CubeIDE/plugins/com.st.stm32cube.ide.mcu.externaltools.gnu-tools-for-stm32.13.3.rel1.win32_1.0.0.202411081344/tools/bin/../lib/gcc/arm-none-eabi/13.3.1/../../../../arm-none-eabi/lib/thumb/v7e-m+dp/hard\libc_nano.a(libc_a-closer.o)
 .ARM.attributes
                0x00000717       0x32 C:/ST/STM32CubeIDE_1.19.0/STM32CubeIDE/plugins/com.st.stm32cube.ide.mcu.externaltools.gnu-tools-for-stm32.13.3.rel1.win32_1.0.0.202411081344/tools/bin/../lib/gcc/arm-none-eabi/13.3.1/../../../../arm-none-eabi/lib/thumb/v7e-m+dp/hard\libc_nano.a(libc_a-reent.o)
 .ARM.attributes
                0x00000749       0x32 C:/ST/STM32CubeIDE_1.19.0/STM32CubeIDE/plugins/com.st.stm32cube.ide.mcu.externaltools.gnu-tools-for-stm32.13.3.rel1.win32_1.0.0.202411081344/tools/bin/../lib/gcc/arm-none-eabi/13.3.1/../../../../arm-none-eabi/lib/thumb/v7e-m+dp/hard\libc_nano.a(libc_a-impure.o)
 .ARM.attributes
                0x0000077b       0x32 C:/ST/STM32CubeIDE_1.19.0/STM32CubeIDE/plugins/com.st.stm32cube.ide.mcu.externaltools.gnu-tools-for-stm32.13.3.rel1.win32_1.0.0.202411081344/tools/bin/../lib/gcc/arm-none-eabi/13.3.1/../../../../arm-none-eabi/lib/thumb/v7e-m+dp/hard\libc_nano.a(libc_a-lseekr.o)
 .ARM.attributes
                0x000007ad       0x32 C:/ST/STM32CubeIDE_1.19.0/STM32CubeIDE/plugins/com.st.stm32cube.ide.mcu.externaltools.gnu-tools-for-stm32.13.3.rel1.win32_1.0.0.202411081344/tools/bin/../lib/gcc/arm-none-eabi/13.3.1/../../../../arm-none-eabi/lib/thumb/v7e-m+dp/hard\libc_nano.a(libc_a-readr.o)
 .ARM.attributes
                0x000007df       0x32 C:/ST/STM32CubeIDE_1.19.0/STM32CubeIDE/plugins/com.st.stm32cube.ide.mcu.externaltools.gnu-tools-for-stm32.13.3.rel1.win32_1.0.0.202411081344/tools/bin/../lib/gcc/arm-none-eabi/13.3.1/../../../../arm-none-eabi/lib/thumb/v7e-m+dp/hard\libc_nano.a(libc_a-writer.o)
 .ARM.attributes
                0x00000811       0x32 C:/ST/STM32CubeIDE_1.19.0/STM32CubeIDE/plugins/com.st.stm32cube.ide.mcu.externaltools.gnu-tools-for-stm32.13.3.rel1.win32_1.0.0.202411081344/tools/bin/../lib/gcc/arm-none-eabi/13.3.1/../../../../arm-none-eabi/lib/thumb/v7e-m+dp/hard\libc_nano.a(libc_a-errno.o)
 .ARM.attributes
                0x00000843       0x32 C:/ST/STM32CubeIDE_1.19.0/STM32CubeIDE/plugins/com.st.stm32cube.ide.mcu.externaltools.gnu-tools-for-stm32.13.3.rel1.win32_1.0.0.202411081344/tools/bin/../lib/gcc/arm-none-eabi/13.3.1/../../../../arm-none-eabi/lib/thumb/v7e-m+dp/hard\libc_nano.a(libc_a-init.o)
 .ARM.attributes
                0x00000875       0x32 C:/ST/STM32CubeIDE_1.19.0/STM32CubeIDE/plugins/com.st.stm32cube.ide.mcu.externaltools.gnu-tools-for-stm32.13.3.rel1.win32_1.0.0.202411081344/tools/bin/../lib/gcc/arm-none-eabi/13.3.1/../../../../arm-none-eabi/lib/thumb/v7e-m+dp/hard\libc_nano.a(libc_a-lock.o)
 .ARM.attributes
                0x000008a7       0x32 C:/ST/STM32CubeIDE_1.19.0/STM32CubeIDE/plugins/com.st.stm32cube.ide.mcu.externaltools.gnu-tools-for-stm32.13.3.rel1.win32_1.0.0.202411081344/tools/bin/../lib/gcc/arm-none-eabi/13.3.1/../../../../arm-none-eabi/lib/thumb/v7e-m+dp/hard\libc_nano.a(libc_a-freer.o)
 .ARM.attributes
                0x000008d9       0x32 C:/ST/STM32CubeIDE_1.19.0/STM32CubeIDE/plugins/com.st.stm32cube.ide.mcu.externaltools.gnu-tools-for-stm32.13.3.rel1.win32_1.0.0.202411081344/tools/bin/../lib/gcc/arm-none-eabi/13.3.1/../../../../arm-none-eabi/lib/thumb/v7e-m+dp/hard\libc_nano.a(libc_a-mallocr.o)
 .ARM.attributes
                0x0000090b       0x32 C:/ST/STM32CubeIDE_1.19.0/STM32CubeIDE/plugins/com.st.stm32cube.ide.mcu.externaltools.gnu-tools-for-stm32.13.3.rel1.win32_1.0.0.202411081344/tools/bin/../lib/gcc/arm-none-eabi/13.3.1/../../../../arm-none-eabi/lib/thumb/v7e-m+dp/hard\libc_nano.a(libc_a-mlock.o)
 .ARM.attributes
                0x0000093d       0x32 C:/ST/STM32CubeIDE_1.19.0/STM32CubeIDE/plugins/com.st.stm32cube.ide.mcu.externaltools.gnu-tools-for-stm32.13.3.rel1.win32_1.0.0.202411081344/tools/bin/../lib/gcc/arm-none-eabi/13.3.1/../../../../arm-none-eabi/lib/thumb/v7e-m+dp/hard\libc_nano.a(libc_a-nano-vfprintf.o)
 .ARM.attributes
                0x0000096f       0x32 C:/ST/STM32CubeIDE_1.19.0/STM32CubeIDE/plugins/com.st.stm32cube.ide.mcu.externaltools.gnu-tools-for-stm32.13.3.rel1.win32_1.0.0.202411081344/tools/bin/../lib/gcc/arm-none-eabi/13.3.1/../../../../arm-none-eabi/lib/thumb/v7e-m+dp/hard\libc_nano.a(libc_a-nano-vfprintf_i.o)
 .ARM.attributes