../Core/Src/main.c:490:13:MX_GPIO_Init	56	static
../Core/Src/main.c:529:10:calculate_crc32	16	static
../Core/Src/main.c:575:6:search_crc_value	8	static
../Core/Src/main.c:600:6:search_end_address	16	static
../Core/Src/main.c:661:6:print_string	16	static
../Core/Src/main.c:677:19:erase_flash_sectors	32	static
../Core/Src/main.c:707:19:program_flash	24	static
../Core/Src/main.c:878:6:Error_Handler	0	static,ignoring_inline_asm
../Core/Src/main.c:442:13:MX_USART1_UART_Init	8	static
../Core/Src/main.c:411:13:MX_CRC_Init	8	static
../Core/Src/main.c:321:6:SystemClock_Config	120	static
../Core/Src/main.c:384:6:PeriphCommonClock_Config	208	static
../Core/Src/main.c:124:5:main	16	static
